Component: ARM Compiler 5.06 update 6 (build 750) Tool: armlink [4d35ed]

==============================================================================

Section Cross References

    system_stm32f30x.o(i.SystemCoreClockUpdate) refers to system_stm32f30x.o(.data) for SystemCoreClock
    system_stm32f30x.o(i.SystemInit) refers to system_stm32f30x.o(i.SetSysClock) for SetSysClock
    startup_stm32f334x8.o(RESET) refers to startup_stm32f334x8.o(STACK) for __initial_sp
    startup_stm32f334x8.o(RESET) refers to startup_stm32f334x8.o(.text) for Reset_Handler
    startup_stm32f334x8.o(RESET) refers to main.o(i.TIM2_IRQHandler) for TIM2_IRQHandler
    startup_stm32f334x8.o(RESET) refers to main.o(i.SPI1_IRQHandler) for SPI1_IRQHandler
    startup_stm32f334x8.o(RESET) refers to main.o(i.USART2_IRQHandler) for USART2_IRQHandler
    startup_stm32f334x8.o(.text) refers to system_stm32f30x.o(i.SystemInit) for SystemInit
    startup_stm32f334x8.o(.text) refers to entry.o(.ARM.Collect$$$$00000000) for __main
    stm32f30x_rcc.o(i.RCC_GetClocksFreq) refers to stm32f30x_rcc.o(.data) for APBAHBPrescTable
    stm32f30x_rcc.o(i.RCC_WaitForHSEStartUp) refers to stm32f30x_rcc.o(i.RCC_GetFlagStatus) for RCC_GetFlagStatus
    stm32f30x_gpio.o(i.GPIO_DeInit) refers to stm32f30x_rcc.o(i.RCC_AHBPeriphResetCmd) for RCC_AHBPeriphResetCmd
    stm32f30x_adc.o(i.ADC_DeInit) refers to stm32f30x_rcc.o(i.RCC_AHBPeriphResetCmd) for RCC_AHBPeriphResetCmd
    stm32f30x_can.o(i.CAN_DeInit) refers to stm32f30x_rcc.o(i.RCC_APB1PeriphResetCmd) for RCC_APB1PeriphResetCmd
    stm32f30x_can.o(i.CAN_GetITStatus) refers to stm32f30x_can.o(i.CheckITStatus) for CheckITStatus
    stm32f30x_dac.o(i.DAC_DeInit) refers to stm32f30x_rcc.o(i.RCC_APB1PeriphResetCmd) for RCC_APB1PeriphResetCmd
    stm32f30x_flash.o(i.FLASH_EraseAllPages) refers to stm32f30x_flash.o(i.FLASH_WaitForLastOperation) for FLASH_WaitForLastOperation
    stm32f30x_flash.o(i.FLASH_ErasePage) refers to stm32f30x_flash.o(i.FLASH_WaitForLastOperation) for FLASH_WaitForLastOperation
    stm32f30x_flash.o(i.FLASH_OB_BOOTConfig) refers to stm32f30x_flash.o(i.FLASH_WaitForLastOperation) for FLASH_WaitForLastOperation
    stm32f30x_flash.o(i.FLASH_OB_EnableWRP) refers to stm32f30x_flash.o(i.FLASH_WaitForLastOperation) for FLASH_WaitForLastOperation
    stm32f30x_flash.o(i.FLASH_OB_Erase) refers to stm32f30x_flash.o(i.FLASH_OB_GetRDP) for FLASH_OB_GetRDP
    stm32f30x_flash.o(i.FLASH_OB_Erase) refers to stm32f30x_flash.o(i.FLASH_WaitForLastOperation) for FLASH_WaitForLastOperation
    stm32f30x_flash.o(i.FLASH_OB_RDPConfig) refers to stm32f30x_flash.o(i.FLASH_WaitForLastOperation) for FLASH_WaitForLastOperation
    stm32f30x_flash.o(i.FLASH_OB_SRAMParityConfig) refers to stm32f30x_flash.o(i.FLASH_WaitForLastOperation) for FLASH_WaitForLastOperation
    stm32f30x_flash.o(i.FLASH_OB_UserConfig) refers to stm32f30x_flash.o(i.FLASH_WaitForLastOperation) for FLASH_WaitForLastOperation
    stm32f30x_flash.o(i.FLASH_OB_VDDAConfig) refers to stm32f30x_flash.o(i.FLASH_WaitForLastOperation) for FLASH_WaitForLastOperation
    stm32f30x_flash.o(i.FLASH_OB_WriteUser) refers to stm32f30x_flash.o(i.FLASH_WaitForLastOperation) for FLASH_WaitForLastOperation
    stm32f30x_flash.o(i.FLASH_ProgramHalfWord) refers to stm32f30x_flash.o(i.FLASH_WaitForLastOperation) for FLASH_WaitForLastOperation
    stm32f30x_flash.o(i.FLASH_ProgramOptionByteData) refers to stm32f30x_flash.o(i.FLASH_WaitForLastOperation) for FLASH_WaitForLastOperation
    stm32f30x_flash.o(i.FLASH_ProgramWord) refers to stm32f30x_flash.o(i.FLASH_WaitForLastOperation) for FLASH_WaitForLastOperation
    stm32f30x_flash.o(i.FLASH_WaitForLastOperation) refers to stm32f30x_flash.o(i.FLASH_GetStatus) for FLASH_GetStatus
    stm32f30x_hrtim.o(i.HRTIM_DeInit) refers to stm32f30x_rcc.o(i.RCC_APB2PeriphResetCmd) for RCC_APB2PeriphResetCmd
    stm32f30x_hrtim.o(i.HRTIM_EventConfig) refers to stm32f30x_hrtim.o(i.HRTIM_ExternalEventConfig) for HRTIM_ExternalEventConfig
    stm32f30x_hrtim.o(i.HRTIM_SimpleBaseStart) refers to stm32f30x_hrtim.o(.data) for TimerIdxToTimerId
    stm32f30x_hrtim.o(i.HRTIM_SimpleBaseStop) refers to stm32f30x_hrtim.o(.data) for TimerIdxToTimerId
    stm32f30x_hrtim.o(i.HRTIM_SimpleBase_Init) refers to stm32f30x_hrtim.o(i.HRTIM_MasterBase_Config) for HRTIM_MasterBase_Config
    stm32f30x_hrtim.o(i.HRTIM_SimpleBase_Init) refers to stm32f30x_hrtim.o(i.HRTIM_TimingUnitBase_Config) for HRTIM_TimingUnitBase_Config
    stm32f30x_hrtim.o(i.HRTIM_SimpleCaptureChannelConfig) refers to stm32f30x_hrtim.o(i.HRTIM_ExternalEventConfig) for HRTIM_ExternalEventConfig
    stm32f30x_hrtim.o(i.HRTIM_SimpleCaptureChannelConfig) refers to stm32f30x_hrtim.o(i.HRTIM_CaptureUnitConfig) for HRTIM_CaptureUnitConfig
    stm32f30x_hrtim.o(i.HRTIM_SimpleCaptureStart) refers to stm32f30x_hrtim.o(.data) for TimerIdxToTimerId
    stm32f30x_hrtim.o(i.HRTIM_SimpleCaptureStop) refers to stm32f30x_hrtim.o(.data) for TimerIdxToTimerId
[...]
    Removing system_stm32f30x.o(.rrx_text), (6 bytes).
    Removing system_stm32f30x.o(i.SystemCoreClockUpdate), (160 bytes).
    Removing system_stm32f30x.o(.data), (20 bytes).
    Removing startup_stm32f334x8.o(HEAP), (512 bytes).
    Removing stm32f30x_rcc.o(.rev16_text), (4 bytes).
    Removing stm32f30x_rcc.o(.revsh_text), (4 bytes).
    Removing stm32f30x_rcc.o(.rrx_text), (6 bytes).
    Removing stm32f30x_rcc.o(i.RCC_AHBPeriphResetCmd), (32 bytes).
    Removing stm32f30x_rcc.o(i.RCC_AdjustHSICalibrationValue), (24 bytes).
    Removing stm32f30x_rcc.o(i.RCC_BackupResetCmd), (12 bytes).
    Removing stm32f30x_rcc.o(i.RCC_ClearFlag), (20 bytes).
    Removing stm32f30x_rcc.o(i.RCC_ClearITPendingBit), (12 bytes).
    Removing stm32f30x_rcc.o(i.RCC_ClockSecuritySystemCmd), (12 bytes).
    Removing stm32f30x_rcc.o(i.RCC_DeInit), (100 bytes).
    Removing stm32f30x_rcc.o(i.RCC_GetFlagStatus), (68 bytes).
    Removing stm32f30x_rcc.o(i.RCC_GetITStatus), (24 bytes).
    Removing stm32f30x_rcc.o(i.RCC_GetSYSCLKSource), (16 bytes).
    Removing stm32f30x_rcc.o(i.RCC_HCLKConfig), (24 bytes).
    Removing stm32f30x_rcc.o(i.RCC_HRTIM1CLKConfig), (28 bytes).
    Removing stm32f30x_rcc.o(i.RCC_HSEConfig), (16 bytes).
    Removing stm32f30x_rcc.o(i.RCC_HSICmd), (12 bytes).
    Removing stm32f30x_rcc.o(i.RCC_I2CCLKConfig), (80 bytes).
    Removing stm32f30x_rcc.o(i.RCC_I2SCLKConfig), (12 bytes).
    Removing stm32f30x_rcc.o(i.RCC_ITConfig), (32 bytes).
    Removing stm32f30x_rcc.o(i.RCC_LSEConfig), (36 bytes).
    Removing stm32f30x_rcc.o(i.RCC_LSEDriveConfig), (28 bytes).
    Removing stm32f30x_rcc.o(i.RCC_LSICmd), (12 bytes).
    Removing stm32f30x_rcc.o(i.RCC_MCOConfig), (28 bytes).
    Removing stm32f30x_rcc.o(i.RCC_PCLK1Config), (24 bytes).
    Removing stm32f30x_rcc.o(i.RCC_PCLK2Config), (24 bytes).
    Removing stm32f30x_rcc.o(i.RCC_PLLCmd), (12 bytes).
    Removing stm32f30x_rcc.o(i.RCC_PLLConfig), (32 bytes).
    Removing stm32f30x_rcc.o(i.RCC_PREDIV1Config), (24 bytes).
    Removing stm32f30x_rcc.o(i.RCC_RTCCLKCmd), (12 bytes).
    Removing stm32f30x_rcc.o(i.RCC_RTCCLKConfig), (16 bytes).
    Removing stm32f30x_rcc.o(i.RCC_SYSCLKConfig), (24 bytes).
    Removing stm32f30x_rcc.o(i.RCC_TIMCLKConfig), (152 bytes).
    Removing stm32f30x_rcc.o(i.RCC_USARTCLKConfig), (108 bytes).
    Removing stm32f30x_rcc.o(i.RCC_USBCLKConfig), (12 bytes).
    Removing stm32f30x_rcc.o(i.RCC_WaitForHSEStartUp), (56 bytes).
    Removing stm32f30x_gpio.o(.rev16_text), (4 bytes).
    Removing stm32f30x_gpio.o(.revsh_text), (4 bytes).
    Removing stm32f30x_gpio.o(.rrx_text), (6 bytes).
    Removing stm32f30x_gpio.o(i.GPIO_DeInit), (236 bytes).
    Removing stm32f30x_gpio.o(i.GPIO_PinLockConfig), (18 bytes).
    Removing stm32f30x_gpio.o(i.GPIO_ReadInputData), (6 bytes).
    Removing stm32f30x_gpio.o(i.GPIO_ReadInputDataBit), (18 bytes).
    Removing stm32f30x_gpio.o(i.GPIO_ReadOutputData), (6 bytes).
    Removing stm32f30x_gpio.o(i.GPIO_ReadOutputDataBit), (18 bytes).
    Removing stm32f30x_gpio.o(i.GPIO_StructInit), (22 bytes).
    Removing stm32f30x_gpio.o(i.GPIO_Write), (4 bytes).
    Removing stm32f30x_gpio.o(i.GPIO_WriteBit), (10 bytes).
    Removing stm32f30x_adc.o(.rev16_text), (4 bytes).
    Removing stm32f30x_adc.o(.revsh_text), (4 bytes).
    Removing stm32f30x_adc.o(.rrx_text), (6 bytes).
    Removing stm32f30x_adc.o(i.ADC_AnalogWatchdog1SingleChannelConfig), (18 bytes).
    Removing stm32f30x_adc.o(i.ADC_AnalogWatchdog1ThresholdsConfig), (40 bytes).
    Removing stm32f30x_adc.o(i.ADC_AnalogWatchdog2SingleChannelConfig), (32 bytes).
    Removing stm32f30x_adc.o(i.ADC_AnalogWatchdog2ThresholdsConfig), (32 bytes).
    Removing stm32f30x_adc.o(i.ADC_AnalogWatchdog3SingleChannelConfig), (32 bytes).
    Removing stm32f30x_adc.o(i.ADC_AnalogWatchdog3ThresholdsConfig), (32 bytes).
    Removing stm32f30x_adc.o(i.ADC_AnalogWatchdogCmd), (16 bytes).
    Removing stm32f30x_adc.o(i.ADC_AutoDelayCmd), (22 bytes).
    Removing stm32f30x_adc.o(i.ADC_AutoInjectedConvCmd), (22 bytes).
    Removing stm32f30x_adc.o(i.ADC_ChannelOffset1Cmd), (22 bytes).
    Removing stm32f30x_adc.o(i.ADC_ChannelOffset2Cmd), (22 bytes).
    Removing stm32f30x_adc.o(i.ADC_ChannelOffset3Cmd), (22 bytes).
    Removing stm32f30x_adc.o(i.ADC_ChannelOffset4Cmd), (22 bytes).
    Removing stm32f30x_adc.o(i.ADC_ClearCommonFlag), (52 bytes).
    Removing stm32f30x_adc.o(i.ADC_ClearFlag), (4 bytes).
    Removing stm32f30x_adc.o(i.ADC_ClearITPendingBit), (4 bytes).
    Removing stm32f30x_adc.o(i.ADC_DMACmd), (22 bytes).
    Removing stm32f30x_adc.o(i.ADC_DMAConfig), (16 bytes).
    Removing stm32f30x_adc.o(i.ADC_DeInit), (80 bytes).
    Removing stm32f30x_adc.o(i.ADC_DisableCmd), (10 bytes).
    Removing stm32f30x_adc.o(i.ADC_DiscModeChannelCountConfig), (24 bytes).
    Removing stm32f30x_adc.o(i.ADC_DiscModeCmd), (22 bytes).
    Removing stm32f30x_adc.o(i.ADC_ExternalTriggerConfig), (22 bytes).
    Removing stm32f30x_adc.o(i.ADC_GetCommonFlagStatus), (56 bytes).
    Removing stm32f30x_adc.o(i.ADC_GetDisableCmdStatus), (20 bytes).
    Removing stm32f30x_adc.o(i.ADC_GetDualModeConversionValue), (40 bytes).
    Removing stm32f30x_adc.o(i.ADC_GetITStatus), (34 bytes).
    Removing stm32f30x_adc.o(i.ADC_GetInjectedConversionValue), (32 bytes).
    Removing stm32f30x_adc.o(i.ADC_GetStartConversionStatus), (20 bytes).
    Removing stm32f30x_adc.o(i.ADC_GetStartInjectedConversionStatus), (20 bytes).
    Removing stm32f30x_adc.o(i.ADC_ITConfig), (18 bytes).
    Removing stm32f30x_adc.o(i.ADC_InjectedChannelSampleTimeConfig), (82 bytes).
    Removing stm32f30x_adc.o(i.ADC_InjectedDiscModeCmd), (22 bytes).
    Removing stm32f30x_adc.o(i.ADC_InjectedInit), (48 bytes).
    Removing stm32f30x_adc.o(i.ADC_InjectedStructInit), (20 bytes).
    Removing stm32f30x_adc.o(i.ADC_SelectDifferentialMode), (36 bytes).
    Removing stm32f30x_adc.o(i.ADC_SelectQueueOfContextMode), (22 bytes).
    Removing stm32f30x_adc.o(i.ADC_SetCalibrationValue), (6 bytes).
    Removing stm32f30x_adc.o(i.ADC_SetChannelOffset1), (32 bytes).
    Removing stm32f30x_adc.o(i.ADC_SetChannelOffset2), (32 bytes).
    Removing stm32f30x_adc.o(i.ADC_SetChannelOffset3), (32 bytes).
    Removing stm32f30x_adc.o(i.ADC_SetChannelOffset4), (32 bytes).
    Removing stm32f30x_adc.o(i.ADC_StartInjectedConversion), (10 bytes).
    Removing stm32f30x_adc.o(i.ADC_StopConversion), (10 bytes).
    Removing stm32f30x_adc.o(i.ADC_StopInjectedConversion), (10 bytes).
    Removing stm32f30x_adc.o(i.ADC_TempSensorCmd), (44 bytes).
    Removing stm32f30x_adc.o(i.ADC_VbatCmd), (44 bytes).
    Removing stm32f30x_adc.o(i.ADC_VrefintCmd), (92 bytes).
    Removing stm32f30x_can.o(.rev16_text), (4 bytes).
    Removing stm32f30x_can.o(.revsh_text), (4 bytes).
    Removing stm32f30x_can.o(.rrx_text), (6 bytes).
    Removing stm32f30x_can.o(i.CAN_CancelTransmit), (48 bytes).
    Removing stm32f30x_can.o(i.CAN_ClearFlag), (56 bytes).
    Removing stm32f30x_can.o(i.CAN_ClearITPendingBit), (168 bytes).
    Removing stm32f30x_can.o(i.CAN_DBGFreeze), (22 bytes).
    Removing stm32f30x_can.o(i.CAN_DeInit), (24 bytes).
    Removing stm32f30x_can.o(i.CAN_FIFORelease), (22 bytes).
    Removing stm32f30x_can.o(i.CAN_FilterInit), (264 bytes).
    Removing stm32f30x_can.o(i.CAN_GetFlagStatus), (120 bytes).
    Removing stm32f30x_can.o(i.CAN_GetITStatus), (288 bytes).
    Removing stm32f30x_can.o(i.CAN_GetLSBTransmitErrorCounter), (12 bytes).
    Removing stm32f30x_can.o(i.CAN_GetLastErrorCode), (12 bytes).
    Removing stm32f30x_can.o(i.CAN_GetReceiveErrorCounter), (10 bytes).
    Removing stm32f30x_can.o(i.CAN_ITConfig), (18 bytes).
    Removing stm32f30x_can.o(i.CAN_Init), (292 bytes).
    Removing stm32f30x_can.o(i.CAN_MessagePending), (30 bytes).
    Removing stm32f30x_can.o(i.CAN_OperatingModeRequest), (162 bytes).
    Removing stm32f30x_can.o(i.CAN_Receive), (240 bytes).
    Removing stm32f30x_can.o(i.CAN_SlaveStartBank), (52 bytes).
    Removing stm32f30x_can.o(i.CAN_Sleep), (30 bytes).
    Removing stm32f30x_can.o(i.CAN_StructInit), (32 bytes).
    Removing stm32f30x_can.o(i.CAN_TTComModeCmd), (118 bytes).
    Removing stm32f30x_can.o(i.CAN_Transmit), (294 bytes).
    Removing stm32f30x_can.o(i.CAN_TransmitStatus), (160 bytes).
    Removing stm32f30x_can.o(i.CAN_WakeUp), (48 bytes).
    Removing stm32f30x_can.o(i.CheckITStatus), (18 bytes).
    Removing stm32f30x_comp.o(.rev16_text), (4 bytes).
    Removing stm32f30x_comp.o(.revsh_text), (4 bytes).
    Removing stm32f30x_comp.o(.rrx_text), (6 bytes).
    Removing stm32f30x_comp.o(i.COMP_Cmd), (44 bytes).
    Removing stm32f30x_comp.o(i.COMP_DeInit), (16 bytes).
    Removing stm32f30x_comp.o(i.COMP_GetOutputLevel), (32 bytes).
    Removing stm32f30x_comp.o(i.COMP_Init), (56 bytes).
    Removing stm32f30x_comp.o(i.COMP_LockConfig), (24 bytes).
    Removing stm32f30x_comp.o(i.COMP_StructInit), (20 bytes).
    Removing stm32f30x_comp.o(i.COMP_SwitchCmd), (44 bytes).
    Removing stm32f30x_comp.o(i.COMP_WindowCmd), (44 bytes).
    Removing stm32f30x_crc.o(.rev16_text), (4 bytes).
    Removing stm32f30x_crc.o(.revsh_text), (4 bytes).
    Removing stm32f30x_crc.o(.rrx_text), (6 bytes).
    Removing stm32f30x_crc.o(i.CRC_CalcBlockCRC), (36 bytes).
    Removing stm32f30x_crc.o(i.CRC_CalcCRC), (16 bytes).
    Removing stm32f30x_crc.o(i.CRC_CalcCRC16bits), (16 bytes).
    Removing stm32f30x_crc.o(i.CRC_CalcCRC8bits), (16 bytes).
    Removing stm32f30x_crc.o(i.CRC_DeInit), (36 bytes).
    Removing stm32f30x_crc.o(i.CRC_GetCRC), (12 bytes).
    Removing stm32f30x_crc.o(i.CRC_GetIDRegister), (12 bytes).
    Removing stm32f30x_crc.o(i.CRC_PolynomialSizeSelect), (24 bytes).
    Removing stm32f30x_crc.o(i.CRC_ResetDR), (20 bytes).
    Removing stm32f30x_crc.o(i.CRC_ReverseInputDataSelect), (24 bytes).
    Removing stm32f30x_crc.o(i.CRC_ReverseOutputDataCmd), (36 bytes).
    Removing stm32f30x_crc.o(i.CRC_SetIDRegister), (12 bytes).
    Removing stm32f30x_crc.o(i.CRC_SetInitRegister), (12 bytes).
    Removing stm32f30x_crc.o(i.CRC_SetPolynomial), (12 bytes).
    Removing stm32f30x_dac.o(.rev16_text), (4 bytes).
    Removing stm32f30x_dac.o(.revsh_text), (4 bytes).
    Removing stm32f30x_dac.o(.rrx_text), (6 bytes).
    Removing stm32f30x_dac.o(i.DAC_ClearFlag), (8 bytes).
    Removing stm32f30x_dac.o(i.DAC_ClearITPendingBit), (8 bytes).
    Removing stm32f30x_dac.o(i.DAC_Cmd), (28 bytes).
    Removing stm32f30x_dac.o(i.DAC_DMACmd), (32 bytes).
    Removing stm32f30x_dac.o(i.DAC_DeInit), (56 bytes).
    Removing stm32f30x_dac.o(i.DAC_DualSoftwareTriggerCmd), (22 bytes).
    Removing stm32f30x_dac.o(i.DAC_GetDataOutputValue), (30 bytes).
    Removing stm32f30x_dac.o(i.DAC_GetFlagStatus), (24 bytes).
    Removing stm32f30x_dac.o(i.DAC_GetITStatus), (38 bytes).
    Removing stm32f30x_dac.o(i.DAC_ITConfig), (28 bytes).
    Removing stm32f30x_dac.o(i.DAC_Init), (42 bytes).
    Removing stm32f30x_dac.o(i.DAC_SetChannel1Data), (24 bytes).
    Removing stm32f30x_dac.o(i.DAC_SetChannel2Data), (24 bytes).
    Removing stm32f30x_dac.o(i.DAC_SetDualChannelData), (32 bytes).
    Removing stm32f30x_dac.o(i.DAC_SoftwareTriggerCmd), (32 bytes).
    Removing stm32f30x_dac.o(i.DAC_StructInit), (14 bytes).
    Removing stm32f30x_dac.o(i.DAC_WaveGenerationCmd), (28 bytes).
    Removing stm32f30x_dbgmcu.o(.rev16_text), (4 bytes).
    Removing stm32f30x_dbgmcu.o(.revsh_text), (4 bytes).
    Removing stm32f30x_dbgmcu.o(.rrx_text), (6 bytes).
    Removing stm32f30x_dbgmcu.o(i.DBGMCU_APB1PeriphConfig), (32 bytes).
    Removing stm32f30x_dbgmcu.o(i.DBGMCU_APB2PeriphConfig), (32 bytes).
    Removing stm32f30x_dbgmcu.o(i.DBGMCU_Config), (32 bytes).
    Removing stm32f30x_dbgmcu.o(i.DBGMCU_GetDEVID), (16 bytes).
    Removing stm32f30x_dbgmcu.o(i.DBGMCU_GetREVID), (12 bytes).
    Removing stm32f30x_dma.o(.rev16_text), (4 bytes).
    Removing stm32f30x_dma.o(.revsh_text), (4 bytes).
    Removing stm32f30x_dma.o(.rrx_text), (6 bytes).
    Removing stm32f30x_dma.o(i.DMA_ClearFlag), (28 bytes).
    Removing stm32f30x_dma.o(i.DMA_ClearITPendingBit), (28 bytes).
    Removing stm32f30x_dma.o(i.DMA_Cmd), (24 bytes).
    Removing stm32f30x_dma.o(i.DMA_DeInit), (332 bytes).
    Removing stm32f30x_dma.o(i.DMA_GetCurrDataCounter), (8 bytes).
    Removing stm32f30x_dma.o(i.DMA_GetFlagStatus), (44 bytes).
    Removing stm32f30x_dma.o(i.DMA_GetITStatus), (44 bytes).
    Removing stm32f30x_dma.o(i.DMA_ITConfig), (18 bytes).
    Removing stm32f30x_dma.o(i.DMA_Init), (60 bytes).
    Removing stm32f30x_dma.o(i.DMA_SetCurrDataCounter), (4 bytes).
    Removing stm32f30x_dma.o(i.DMA_StructInit), (26 bytes).
    Removing stm32f30x_exti.o(.rev16_text), (4 bytes).
    Removing stm32f30x_exti.o(.revsh_text), (4 bytes).
    Removing stm32f30x_exti.o(.rrx_text), (6 bytes).
    Removing stm32f30x_exti.o(i.EXTI_ClearFlag), (28 bytes).
    Removing stm32f30x_exti.o(i.EXTI_ClearITPendingBit), (28 bytes).
    Removing stm32f30x_exti.o(i.EXTI_DeInit), (72 bytes).
    Removing stm32f30x_exti.o(i.EXTI_GenerateSWInterrupt), (40 bytes).
    Removing stm32f30x_exti.o(i.EXTI_GetFlagStatus), (44 bytes).
    Removing stm32f30x_exti.o(i.EXTI_GetITStatus), (44 bytes).
    Removing stm32f30x_exti.o(i.EXTI_Init), (364 bytes).
    Removing stm32f30x_exti.o(i.EXTI_StructInit), (16 bytes).
    Removing stm32f30x_flash.o(.rev16_text), (4 bytes).
    Removing stm32f30x_flash.o(.revsh_text), (4 bytes).
    Removing stm32f30x_flash.o(.rrx_text), (6 bytes).
    Removing stm32f30x_flash.o(i.FLASH_ClearFlag), (12 bytes).
    Removing stm32f30x_flash.o(i.FLASH_EraseAllPages), (72 bytes).
    Removing stm32f30x_flash.o(i.FLASH_ErasePage), (76 bytes).
    Removing stm32f30x_flash.o(i.FLASH_GetFlagStatus), (24 bytes).
    Removing stm32f30x_flash.o(i.FLASH_GetStatus), (52 bytes).
    Removing stm32f30x_flash.o(i.FLASH_HalfCycleAccessCmd), (36 bytes).
    Removing stm32f30x_flash.o(i.FLASH_ITConfig), (32 bytes).
    Removing stm32f30x_flash.o(i.FLASH_Lock), (20 bytes).
    Removing stm32f30x_flash.o(i.FLASH_OB_BOOTConfig), (96 bytes).
    Removing stm32f30x_flash.o(i.FLASH_OB_EnableWRP), (188 bytes).
    Removing stm32f30x_flash.o(i.FLASH_OB_Erase), (148 bytes).
    Removing stm32f30x_flash.o(i.FLASH_OB_GetRDP), (24 bytes).
    Removing stm32f30x_flash.o(i.FLASH_OB_GetUser), (16 bytes).
    Removing stm32f30x_flash.o(i.FLASH_OB_GetWRP), (12 bytes).
    Removing stm32f30x_flash.o(i.FLASH_OB_Launch), (20 bytes).
    Removing stm32f30x_flash.o(i.FLASH_OB_Lock), (20 bytes).
    Removing stm32f30x_flash.o(i.FLASH_OB_RDPConfig), (140 bytes).
    Removing stm32f30x_flash.o(i.FLASH_OB_SRAMParityConfig), (80 bytes).
    Removing stm32f30x_flash.o(i.FLASH_OB_Unlock), (36 bytes).
    Removing stm32f30x_flash.o(i.FLASH_OB_UserConfig), (108 bytes).
    Removing stm32f30x_flash.o(i.FLASH_OB_VDDAConfig), (96 bytes).
    Removing stm32f30x_flash.o(i.FLASH_OB_WriteUser), (96 bytes).
    Removing stm32f30x_flash.o(i.FLASH_PrefetchBufferCmd), (36 bytes).
    Removing stm32f30x_flash.o(i.FLASH_ProgramHalfWord), (68 bytes).
    Removing stm32f30x_flash.o(i.FLASH_ProgramOptionByteData), (72 bytes).
    Removing stm32f30x_flash.o(i.FLASH_ProgramWord), (108 bytes).
    Removing stm32f30x_flash.o(i.FLASH_SetLatency), (24 bytes).
    Removing stm32f30x_flash.o(i.FLASH_Unlock), (36 bytes).
    Removing stm32f30x_flash.o(i.FLASH_WaitForLastOperation), (38 bytes).
    Removing stm32f30x_fmc.o(.rev16_text), (4 bytes).
    Removing stm32f30x_fmc.o(.revsh_text), (4 bytes).
    Removing stm32f30x_fmc.o(.rrx_text), (6 bytes).
    Removing stm32f30x_fmc.o(i.FMC_ClearFlag), (64 bytes).
    Removing stm32f30x_fmc.o(i.FMC_ClearITPendingBit), (72 bytes).
    Removing stm32f30x_fmc.o(i.FMC_GetECC), (28 bytes).
    Removing stm32f30x_fmc.o(i.FMC_GetFlagStatus), (60 bytes).
    Removing stm32f30x_fmc.o(i.FMC_GetITStatus), (68 bytes).
    Removing stm32f30x_fmc.o(i.FMC_ITConfig), (128 bytes).
    Removing stm32f30x_fmc.o(i.FMC_NANDCmd), (92 bytes).
    Removing stm32f30x_fmc.o(i.FMC_NANDDeInit), (68 bytes).
    Removing stm32f30x_fmc.o(i.FMC_NANDECCCmd), (92 bytes).
    Removing stm32f30x_fmc.o(i.FMC_NANDInit), (136 bytes).
    Removing stm32f30x_fmc.o(i.FMC_NANDStructInit), (58 bytes).
    Removing stm32f30x_fmc.o(i.FMC_NORSRAMCmd), (52 bytes).
    Removing stm32f30x_fmc.o(i.FMC_NORSRAMDeInit), (54 bytes).
    Removing stm32f30x_fmc.o(i.FMC_NORSRAMInit), (238 bytes).
    Removing stm32f30x_fmc.o(i.FMC_NORSRAMStructInit), (122 bytes).
    Removing stm32f30x_fmc.o(i.FMC_PCCARDCmd), (48 bytes).
    Removing stm32f30x_fmc.o(i.FMC_PCCARDDeInit), (40 bytes).
    Removing stm32f30x_fmc.o(i.FMC_PCCARDInit), (132 bytes).
    Removing stm32f30x_fmc.o(i.FMC_PCCARDStructInit), (60 bytes).
    Removing stm32f30x_hrtim.o(.rev16_text), (4 bytes).
    Removing stm32f30x_hrtim.o(.revsh_text), (4 bytes).
    Removing stm32f30x_hrtim.o(.rrx_text), (6 bytes).
    Removing stm32f30x_hrtim.o(i.HRTIM_ADCTriggerConfig), (114 bytes).
    Removing stm32f30x_hrtim.o(i.HRTIM_BurstDMAConfig), (68 bytes).
    Removing stm32f30x_hrtim.o(i.HRTIM_BurstModeConfig), (70 bytes).
    Removing stm32f30x_hrtim.o(i.HRTIM_BurstModeCtl), (18 bytes).
    Removing stm32f30x_hrtim.o(i.HRTIM_CaptureUnitConfig), (150 bytes).
    Removing stm32f30x_hrtim.o(i.HRTIM_ChopperModeConfig), (46 bytes).
    Removing stm32f30x_hrtim.o(i.HRTIM_ClearCommonFlag), (16 bytes).
    Removing stm32f30x_hrtim.o(i.HRTIM_ClearCommonITPendingBit), (16 bytes).
    Removing stm32f30x_hrtim.o(i.HRTIM_ClearFlag), (62 bytes).
    Removing stm32f30x_hrtim.o(i.HRTIM_ClearITPendingBit), (62 bytes).
    Removing stm32f30x_hrtim.o(i.HRTIM_CompareUnitConfig), (132 bytes).
    Removing stm32f30x_hrtim.o(i.HRTIM_DLLCalibrationStart), (40 bytes).
    Removing stm32f30x_hrtim.o(i.HRTIM_DMACmd), (98 bytes).
    Removing stm32f30x_hrtim.o(i.HRTIM_DeInit), (24 bytes).
    Removing stm32f30x_hrtim.o(i.HRTIM_DeadTimeConfig), (76 bytes).
    Removing stm32f30x_hrtim.o(i.HRTIM_EventConfig), (20 bytes).
    Removing stm32f30x_hrtim.o(i.HRTIM_EventPrescalerConfig), (18 bytes).
    Removing stm32f30x_hrtim.o(i.HRTIM_ExternalEventConfig), (504 bytes).
    Removing stm32f30x_hrtim.o(i.HRTIM_FaultConfig), (192 bytes).
    Removing stm32f30x_hrtim.o(i.HRTIM_FaultModeCtl), (104 bytes).
    Removing stm32f30x_hrtim.o(i.HRTIM_FaultPrescalerConfig), (18 bytes).
    Removing stm32f30x_hrtim.o(i.HRTIM_GetBurstStatus), (14 bytes).
    Removing stm32f30x_hrtim.o(i.HRTIM_GetCapturedValue), (46 bytes).
    Removing stm32f30x_hrtim.o(i.HRTIM_GetCommonFlagStatus), (22 bytes).
    Removing stm32f30x_hrtim.o(i.HRTIM_GetCommonITStatus), (42 bytes).
    Removing stm32f30x_hrtim.o(i.HRTIM_GetCurrentPushPullStatus), (18 bytes).
    Removing stm32f30x_hrtim.o(i.HRTIM_GetDelayedProtectionStatus), (130 bytes).
    Removing stm32f30x_hrtim.o(i.HRTIM_GetFlagStatus), (70 bytes).
    Removing stm32f30x_hrtim.o(i.HRTIM_GetITStatus), (102 bytes).
    Removing stm32f30x_hrtim.o(i.HRTIM_GetIdlePushPullStatus), (18 bytes).
    Removing stm32f30x_hrtim.o(i.HRTIM_ITCommonConfig), (36 bytes).
    Removing stm32f30x_hrtim.o(i.HRTIM_ITConfig), (98 bytes).
    Removing stm32f30x_hrtim.o(i.HRTIM_MasterBase_Config), (42 bytes).
    Removing stm32f30x_hrtim.o(i.HRTIM_MasterSetCompare), (40 bytes).
    Removing stm32f30x_hrtim.o(i.HRTIM_MasterWaveform_Config), (88 bytes).
    Removing stm32f30x_hrtim.o(i.HRTIM_OutputConfig), (202 bytes).
    Removing stm32f30x_hrtim.o(i.HRTIM_SimpleBaseStart), (20 bytes).
    Removing stm32f30x_hrtim.o(i.HRTIM_SimpleBaseStop), (216 bytes).
    Removing stm32f30x_hrtim.o(i.HRTIM_SimpleBase_Init), (34 bytes).
    Removing stm32f30x_hrtim.o(i.HRTIM_SimpleCaptureChannelConfig), (58 bytes).
    Removing stm32f30x_hrtim.o(i.HRTIM_SimpleCaptureStart), (20 bytes).
    Removing stm32f30x_hrtim.o(i.HRTIM_SimpleCaptureStop), (288 bytes).
    Removing stm32f30x_hrtim.o(i.HRTIM_SimpleCapture_Init), (20 bytes).
    Removing stm32f30x_hrtim.o(i.HRTIM_SimpleOCChannelConfig), (236 bytes).
    Removing stm32f30x_hrtim.o(i.HRTIM_SimpleOCStart), (36 bytes).
    Removing stm32f30x_hrtim.o(i.HRTIM_SimpleOCStop), (232 bytes).
    Removing stm32f30x_hrtim.o(i.HRTIM_SimpleOC_Init), (20 bytes).
    Removing stm32f30x_hrtim.o(i.HRTIM_SimpleOnePulseChannelConfig), (214 bytes).
    Removing stm32f30x_hrtim.o(i.HRTIM_SimpleOnePulseStart), (36 bytes).
    Removing stm32f30x_hrtim.o(i.HRTIM_SimpleOnePulseStop), (232 bytes).
    Removing stm32f30x_hrtim.o(i.HRTIM_SimpleOnePulse_Init), (20 bytes).
    Removing stm32f30x_hrtim.o(i.HRTIM_SimplePWMChannelConfig), (174 bytes).
    Removing stm32f30x_hrtim.o(i.HRTIM_SimplePWMStart), (36 bytes).
    Removing stm32f30x_hrtim.o(i.HRTIM_SimplePWMStop), (232 bytes).
    Removing stm32f30x_hrtim.o(i.HRTIM_SimplePWM_Init), (20 bytes).
    Removing stm32f30x_hrtim.o(i.HRTIM_SlaveSetCompare), (74 bytes).
    Removing stm32f30x_hrtim.o(i.HRTIM_SoftwareCapture), (70 bytes).
    Removing stm32f30x_hrtim.o(i.HRTIM_SoftwareReset), (16 bytes).
    Removing stm32f30x_hrtim.o(i.HRTIM_SoftwareUpdate), (16 bytes).
    Removing stm32f30x_hrtim.o(i.HRTIM_SynchronizationConfig), (32 bytes).
    Removing stm32f30x_hrtim.o(i.HRTIM_TIM_ResetConfig), (222 bytes).
    Removing stm32f30x_hrtim.o(i.HRTIM_TimerEventFilteringConfig), (452 bytes).
    Removing stm32f30x_hrtim.o(i.HRTIM_TimingUnitBase_Config), (124 bytes).
    Removing stm32f30x_hrtim.o(i.HRTIM_TimingUnitWaveform_Config), (182 bytes).
    Removing stm32f30x_hrtim.o(i.HRTIM_WaveformCaptureConfig), (46 bytes).
    Removing stm32f30x_hrtim.o(i.HRTIM_WaveformCompareConfig), (234 bytes).
    Removing stm32f30x_hrtim.o(i.HRTIM_WaveformCounterStart), (8 bytes).
    Removing stm32f30x_hrtim.o(i.HRTIM_WaveformCounterStop), (8 bytes).
    Removing stm32f30x_hrtim.o(i.HRTIM_WaveformGetOutputLevel), (130 bytes).
    Removing stm32f30x_hrtim.o(i.HRTIM_WaveformGetOutputState), (144 bytes).
    Removing stm32f30x_hrtim.o(i.HRTIM_WaveformOutputConfig), (28 bytes).
    Removing stm32f30x_hrtim.o(i.HRTIM_WaveformOutputStart), (8 bytes).
    Removing stm32f30x_hrtim.o(i.HRTIM_WaveformOutputStop), (8 bytes).
    Removing stm32f30x_hrtim.o(i.HRTIM_WaveformSetOutputLevel), (190 bytes).
    Removing stm32f30x_hrtim.o(i.HRTIM_WaveformTimerConfig), (146 bytes).
    Removing stm32f30x_hrtim.o(i.HRTIM_Waveform_Init), (58 bytes).
    Removing stm32f30x_hrtim.o(.data), (24 bytes).
    Removing stm32f30x_i2c.o(.rev16_text), (4 bytes).
    Removing stm32f30x_i2c.o(.revsh_text), (4 bytes).
    Removing stm32f30x_i2c.o(.rrx_text), (6 bytes).
    Removing stm32f30x_i2c.o(i.I2C_10BitAddressHeaderCmd), (22 bytes).
    Removing stm32f30x_i2c.o(i.I2C_10BitAddressingModeCmd), (22 bytes).
    Removing stm32f30x_i2c.o(i.I2C_AcknowledgeConfig), (22 bytes).
    Removing stm32f30x_i2c.o(i.I2C_AutoEndCmd), (22 bytes).
    Removing stm32f30x_i2c.o(i.I2C_CalculatePEC), (22 bytes).
    Removing stm32f30x_i2c.o(i.I2C_ClearFlag), (4 bytes).
    Removing stm32f30x_i2c.o(i.I2C_ClearITPendingBit), (4 bytes).
    Removing stm32f30x_i2c.o(i.I2C_ClockTimeoutCmd), (22 bytes).
    Removing stm32f30x_i2c.o(i.I2C_Cmd), (22 bytes).
    Removing stm32f30x_i2c.o(i.I2C_DMACmd), (18 bytes).
    Removing stm32f30x_i2c.o(i.I2C_DeInit), (56 bytes).
    Removing stm32f30x_i2c.o(i.I2C_DualAddressCmd), (22 bytes).
    Removing stm32f30x_i2c.o(i.I2C_ExtendedClockTimeoutCmd), (22 bytes).
    Removing stm32f30x_i2c.o(i.I2C_GeneralCallCmd), (22 bytes).
    Removing stm32f30x_i2c.o(i.I2C_GenerateSTART), (22 bytes).
    Removing stm32f30x_i2c.o(i.I2C_GenerateSTOP), (22 bytes).
    Removing stm32f30x_i2c.o(i.I2C_GetAddressMatched), (12 bytes).
    Removing stm32f30x_i2c.o(i.I2C_GetFlagStatus), (22 bytes).
    Removing stm32f30x_i2c.o(i.I2C_GetITStatus), (60 bytes).
    Removing stm32f30x_i2c.o(i.I2C_GetPEC), (8 bytes).
    Removing stm32f30x_i2c.o(i.I2C_GetTransferDirection), (22 bytes).
    Removing stm32f30x_i2c.o(i.I2C_ITConfig), (18 bytes).
    Removing stm32f30x_i2c.o(i.I2C_IdleClockTimeoutCmd), (22 bytes).
    Removing stm32f30x_i2c.o(i.I2C_Init), (104 bytes).
    Removing stm32f30x_i2c.o(i.I2C_MasterRequestConfig), (22 bytes).
    Removing stm32f30x_i2c.o(i.I2C_NumberOfBytesConfig), (24 bytes).
    Removing stm32f30x_i2c.o(i.I2C_OwnAddress2Config), (34 bytes).
    Removing stm32f30x_i2c.o(i.I2C_PECRequestCmd), (22 bytes).
    Removing stm32f30x_i2c.o(i.I2C_ReadRegister), (22 bytes).
    Removing stm32f30x_i2c.o(i.I2C_ReceiveData), (8 bytes).
    Removing stm32f30x_i2c.o(i.I2C_ReloadCmd), (22 bytes).
    Removing stm32f30x_i2c.o(i.I2C_SMBusAlertCmd), (22 bytes).
    Removing stm32f30x_i2c.o(i.I2C_SendData), (4 bytes).
    Removing stm32f30x_i2c.o(i.I2C_SlaveAddressConfig), (20 bytes).
    Removing stm32f30x_i2c.o(i.I2C_SlaveByteControlCmd), (22 bytes).
    Removing stm32f30x_i2c.o(i.I2C_SoftwareResetCmd), (20 bytes).
    Removing stm32f30x_i2c.o(i.I2C_StopModeCmd), (22 bytes).
    Removing stm32f30x_i2c.o(i.I2C_StretchClockCmd), (22 bytes).
    Removing stm32f30x_i2c.o(i.I2C_StructInit), (24 bytes).
    Removing stm32f30x_i2c.o(i.I2C_TimeoutAConfig), (20 bytes).
    Removing stm32f30x_i2c.o(i.I2C_TimeoutBConfig), (28 bytes).
    Removing stm32f30x_i2c.o(i.I2C_TransferHandling), (44 bytes).
    Removing stm32f30x_iwdg.o(.rev16_text), (4 bytes).
    Removing stm32f30x_iwdg.o(.revsh_text), (4 bytes).
    Removing stm32f30x_iwdg.o(.rrx_text), (6 bytes).
    Removing stm32f30x_iwdg.o(i.IWDG_Enable), (16 bytes).
    Removing stm32f30x_iwdg.o(i.IWDG_GetFlagStatus), (24 bytes).
    Removing stm32f30x_iwdg.o(i.IWDG_ReloadCounter), (16 bytes).
    Removing stm32f30x_iwdg.o(i.IWDG_SetPrescaler), (12 bytes).
    Removing stm32f30x_iwdg.o(i.IWDG_SetReload), (12 bytes).
    Removing stm32f30x_iwdg.o(i.IWDG_SetWindowValue), (12 bytes).
    Removing stm32f30x_iwdg.o(i.IWDG_WriteAccessCmd), (12 bytes).
    Removing stm32f30x_misc.o(.rev16_text), (4 bytes).
    Removing stm32f30x_misc.o(.revsh_text), (4 bytes).
    Removing stm32f30x_misc.o(.rrx_text), (6 bytes).
    Removing stm32f30x_misc.o(i.NVIC_SetVectorTable), (20 bytes).
    Removing stm32f30x_misc.o(i.NVIC_SystemLPConfig), (32 bytes).
    Removing stm32f30x_misc.o(i.SysTick_CLKSourceConfig), (40 bytes).
    Removing stm32f30x_opamp.o(.rev16_text), (4 bytes).
    Removing stm32f30x_opamp.o(.revsh_text), (4 bytes).
    Removing stm32f30x_opamp.o(.rrx_text), (6 bytes).
    Removing stm32f30x_opamp.o(i.OPAMP_Cmd), (44 bytes).
    Removing stm32f30x_opamp.o(i.OPAMP_DeInit), (16 bytes).
    Removing stm32f30x_opamp.o(i.OPAMP_GetOutputLevel), (32 bytes).
    Removing stm32f30x_opamp.o(i.OPAMP_Init), (36 bytes).
    Removing stm32f30x_opamp.o(i.OPAMP_LockConfig), (24 bytes).
    Removing stm32f30x_opamp.o(i.OPAMP_OffsetTrimConfig), (36 bytes).
    Removing stm32f30x_opamp.o(i.OPAMP_OffsetTrimModeSelect), (36 bytes).
    Removing stm32f30x_opamp.o(i.OPAMP_PGAConfig), (44 bytes).
    Removing stm32f30x_opamp.o(i.OPAMP_StartCalibration), (44 bytes).
    Removing stm32f30x_opamp.o(i.OPAMP_StructInit), (8 bytes).
    Removing stm32f30x_opamp.o(i.OPAMP_TimerControlledMuxCmd), (44 bytes).
    Removing stm32f30x_opamp.o(i.OPAMP_TimerControlledMuxConfig), (40 bytes).
    Removing stm32f30x_opamp.o(i.OPAMP_VrefConfig), (28 bytes).
    Removing stm32f30x_opamp.o(i.OPAMP_VrefConnectADCCmd), (44 bytes).
    Removing stm32f30x_opamp.o(i.OPAMP_VrefConnectNonInvertingInput), (44 bytes).
    Removing stm32f30x_pwr.o(.rev16_text), (4 bytes).
    Removing stm32f30x_pwr.o(.revsh_text), (4 bytes).
    Removing stm32f30x_pwr.o(.rrx_text), (6 bytes).
    Removing stm32f30x_pwr.o(i.PWR_BackupAccessCmd), (12 bytes).
    Removing stm32f30x_pwr.o(i.PWR_ClearFlag), (20 bytes).
    Removing stm32f30x_pwr.o(i.PWR_DeInit), (22 bytes).
    Removing stm32f30x_pwr.o(i.PWR_EnterSTANDBYMode), (40 bytes).
    Removing stm32f30x_pwr.o(i.PWR_EnterSTOPMode), (64 bytes).
    Removing stm32f30x_pwr.o(i.PWR_EnterSleepMode), (32 bytes).
    Removing stm32f30x_pwr.o(i.PWR_GetFlagStatus), (24 bytes).
    Removing stm32f30x_pwr.o(i.PWR_PVDCmd), (12 bytes).
    Removing stm32f30x_pwr.o(i.PWR_PVDLevelConfig), (24 bytes).
    Removing stm32f30x_pwr.o(i.PWR_WakeUpPinCmd), (32 bytes).
    Removing stm32f30x_rtc.o(.rev16_text), (4 bytes).
    Removing stm32f30x_rtc.o(.revsh_text), (4 bytes).
    Removing stm32f30x_rtc.o(.rrx_text), (6 bytes).
    Removing stm32f30x_rtc.o(i.RTC_AlarmCmd), (116 bytes).
    Removing stm32f30x_rtc.o(i.RTC_AlarmStructInit), (22 bytes).
    Removing stm32f30x_rtc.o(i.RTC_AlarmSubSecondConfig), (52 bytes).
    Removing stm32f30x_rtc.o(i.RTC_Bcd2ToByte), (22 bytes).
    Removing stm32f30x_rtc.o(i.RTC_BypassShadowCmd), (60 bytes).
    Removing stm32f30x_rtc.o(i.RTC_ByteToBcd2), (28 bytes).
    Removing stm32f30x_rtc.o(i.RTC_CalibOutputCmd), (60 bytes).
    Removing stm32f30x_rtc.o(i.RTC_CalibOutputConfig), (48 bytes).
    Removing stm32f30x_rtc.o(i.RTC_ClearFlag), (32 bytes).
    Removing stm32f30x_rtc.o(i.RTC_ClearITPendingBit), (32 bytes).
    Removing stm32f30x_rtc.o(i.RTC_DateStructInit), (14 bytes).
    Removing stm32f30x_rtc.o(i.RTC_DayLightSavingConfig), (56 bytes).
    Removing stm32f30x_rtc.o(i.RTC_DeInit), (208 bytes).
    Removing stm32f30x_rtc.o(i.RTC_EnterInitMode), (80 bytes).
    Removing stm32f30x_rtc.o(i.RTC_ExitInitMode), (20 bytes).
    Removing stm32f30x_rtc.o(i.RTC_GetAlarm), (116 bytes).
    Removing stm32f30x_rtc.o(i.RTC_GetAlarmSubSecond), (36 bytes).
    Removing stm32f30x_rtc.o(i.RTC_GetDate), (80 bytes).
    Removing stm32f30x_rtc.o(i.RTC_GetFlagStatus), (40 bytes).
    Removing stm32f30x_rtc.o(i.RTC_GetITStatus), (68 bytes).
    Removing stm32f30x_rtc.o(i.RTC_GetStoreOperation), (16 bytes).
    Removing stm32f30x_rtc.o(i.RTC_GetSubSecond), (20 bytes).
    Removing stm32f30x_rtc.o(i.RTC_GetTime), (80 bytes).
    Removing stm32f30x_rtc.o(i.RTC_GetTimeStamp), (156 bytes).
    Removing stm32f30x_rtc.o(i.RTC_GetTimeStampSubSecond), (12 bytes).
    Removing stm32f30x_rtc.o(i.RTC_GetWakeUpCounter), (12 bytes).
    Removing stm32f30x_rtc.o(i.RTC_ITConfig), (100 bytes).
    Removing stm32f30x_rtc.o(i.RTC_Init), (100 bytes).
    Removing stm32f30x_rtc.o(i.RTC_OutputConfig), (56 bytes).
    Removing stm32f30x_rtc.o(i.RTC_OutputTypeConfig), (28 bytes).
    Removing stm32f30x_rtc.o(i.RTC_ReadBackupRegister), (32 bytes).
    Removing stm32f30x_rtc.o(i.RTC_RefClockCmd), (80 bytes).
    Removing stm32f30x_rtc.o(i.RTC_SetAlarm), (236 bytes).
    Removing stm32f30x_rtc.o(i.RTC_SetDate), (200 bytes).
    Removing stm32f30x_rtc.o(i.RTC_SetTime), (208 bytes).
    Removing stm32f30x_rtc.o(i.RTC_SetWakeUpCounter), (28 bytes).
    Removing stm32f30x_rtc.o(i.RTC_SmoothCalibConfig), (96 bytes).
    Removing stm32f30x_rtc.o(i.RTC_StructInit), (14 bytes).
    Removing stm32f30x_rtc.o(i.RTC_SynchroShiftConfig), (124 bytes).
    Removing stm32f30x_rtc.o(i.RTC_TamperCmd), (32 bytes).
    Removing stm32f30x_rtc.o(i.RTC_TamperFilterConfig), (28 bytes).
    Removing stm32f30x_rtc.o(i.RTC_TamperPinsPrechargeDuration), (28 bytes).
    Removing stm32f30x_rtc.o(i.RTC_TamperPullUpCmd), (36 bytes).
    Removing stm32f30x_rtc.o(i.RTC_TamperSamplingFreqConfig), (28 bytes).
    Removing stm32f30x_rtc.o(i.RTC_TamperTriggerConfig), (36 bytes).
    Removing stm32f30x_rtc.o(i.RTC_TimeStampCmd), (56 bytes).
    Removing stm32f30x_rtc.o(i.RTC_TimeStampOnTamperDetectionCmd), (36 bytes).
    Removing stm32f30x_rtc.o(i.RTC_TimeStructInit), (12 bytes).
    Removing stm32f30x_rtc.o(i.RTC_WaitForSynchro), (116 bytes).
    Removing stm32f30x_rtc.o(i.RTC_WakeUpClockConfig), (48 bytes).
    Removing stm32f30x_rtc.o(i.RTC_WakeUpCmd), (120 bytes).
    Removing stm32f30x_rtc.o(i.RTC_WriteBackupRegister), (28 bytes).
    Removing stm32f30x_rtc.o(i.RTC_WriteProtectionCmd), (28 bytes).
    Removing stm32f30x_spi.o(.rev16_text), (4 bytes).
    Removing stm32f30x_spi.o(.revsh_text), (4 bytes).
    Removing stm32f30x_spi.o(.rrx_text), (6 bytes).
    Removing stm32f30x_spi.o(i.I2S_Cmd), (24 bytes).
    Removing stm32f30x_spi.o(i.I2S_FullDuplexConfig), (80 bytes).
    Removing stm32f30x_spi.o(i.I2S_Init), (216 bytes).
    Removing stm32f30x_spi.o(i.I2S_StructInit), (20 bytes).
    Removing stm32f30x_spi.o(i.SPI_BiDirectionalLineConfig), (28 bytes).
    Removing stm32f30x_spi.o(i.SPI_CRCLengthConfig), (18 bytes).
    Removing stm32f30x_spi.o(i.SPI_CalculateCRC), (24 bytes).
    Removing stm32f30x_spi.o(i.SPI_DataSizeConfig), (18 bytes).
    Removing stm32f30x_spi.o(i.SPI_GetCRC), (16 bytes).
    Removing stm32f30x_spi.o(i.SPI_GetCRCPolynomial), (6 bytes).
    Removing stm32f30x_spi.o(i.SPI_GetReceptionFIFOStatus), (10 bytes).
    Removing stm32f30x_spi.o(i.SPI_I2S_DMACmd), (18 bytes).
    Removing stm32f30x_spi.o(i.SPI_I2S_GetITStatus), (52 bytes).
    Removing stm32f30x_spi.o(i.SPI_I2S_ReceiveData16), (6 bytes).
    Removing stm32f30x_spi.o(i.SPI_I2S_SendData16), (4 bytes).
    Removing stm32f30x_spi.o(i.SPI_LastDMATransferCmd), (18 bytes).
    Removing stm32f30x_spi.o(i.SPI_NSSInternalSoftwareConfig), (30 bytes).
    Removing stm32f30x_spi.o(i.SPI_NSSPulseModeCmd), (24 bytes).
    Removing stm32f30x_spi.o(i.SPI_ReceiveData8), (12 bytes).
    Removing stm32f30x_spi.o(i.SPI_RxFIFOThresholdConfig), (18 bytes).
    Removing stm32f30x_spi.o(i.SPI_StructInit), (30 bytes).
    Removing stm32f30x_spi.o(i.SPI_TIModeCmd), (24 bytes).
    Removing stm32f30x_spi.o(i.SPI_TransmitCRC), (10 bytes).
    Removing stm32f30x_syscfg.o(.rev16_text), (4 bytes).
    Removing stm32f30x_syscfg.o(.revsh_text), (4 bytes).
    Removing stm32f30x_syscfg.o(.rrx_text), (6 bytes).
    Removing stm32f30x_syscfg.o(i.SYSCFG_ADCTriggerRemapConfig), (32 bytes).
    Removing stm32f30x_syscfg.o(i.SYSCFG_BreakConfig), (16 bytes).
    Removing stm32f30x_syscfg.o(i.SYSCFG_BypassParityCheckDisable), (12 bytes).
    Removing stm32f30x_syscfg.o(i.SYSCFG_ClearFlag), (16 bytes).
    Removing stm32f30x_syscfg.o(i.SYSCFG_DMAChannelRemapConfig), (68 bytes).
    Removing stm32f30x_syscfg.o(i.SYSCFG_DeInit), (56 bytes).
    Removing stm32f30x_syscfg.o(i.SYSCFG_EXTILineConfig), (64 bytes).
    Removing stm32f30x_syscfg.o(i.SYSCFG_EncoderRemapConfig), (28 bytes).
    Removing stm32f30x_syscfg.o(i.SYSCFG_GetFlagStatus), (28 bytes).
    Removing stm32f30x_syscfg.o(i.SYSCFG_I2CFastModePlusConfig), (32 bytes).
    Removing stm32f30x_syscfg.o(i.SYSCFG_ITConfig), (32 bytes).
    Removing stm32f30x_syscfg.o(i.SYSCFG_MemoryRemapConfig), (24 bytes).
    Removing stm32f30x_syscfg.o(i.SYSCFG_SRAMWRPEnable), (16 bytes).
    Removing stm32f30x_syscfg.o(i.SYSCFG_TriggerRemapConfig), (68 bytes).
    Removing stm32f30x_syscfg.o(i.SYSCFG_USBInterruptLineRemapCmd), (12 bytes).
    Removing stm32f30x_tim.o(.rev16_text), (4 bytes).
    Removing stm32f30x_tim.o(.revsh_text), (4 bytes).
    Removing stm32f30x_tim.o(.rrx_text), (6 bytes).
    Removing stm32f30x_tim.o(i.TI1_Config), (48 bytes).
    Removing stm32f30x_tim.o(i.TI2_Config), (66 bytes).
    Removing stm32f30x_tim.o(i.TI3_Config), (76 bytes).
    Removing stm32f30x_tim.o(i.TI4_Config), (84 bytes).
    Removing stm32f30x_tim.o(i.TIM_ARRPreloadConfig), (24 bytes).
    Removing stm32f30x_tim.o(i.TIM_BDTRConfig), (30 bytes).
    Removing stm32f30x_tim.o(i.TIM_BDTRStructInit), (18 bytes).
    Removing stm32f30x_tim.o(i.TIM_Break1Cmd), (22 bytes).
    Removing stm32f30x_tim.o(i.TIM_Break1Config), (22 bytes).
    Removing stm32f30x_tim.o(i.TIM_Break2Cmd), (22 bytes).
    Removing stm32f30x_tim.o(i.TIM_Break2Config), (22 bytes).
    Removing stm32f30x_tim.o(i.TIM_CCPreloadControl), (24 bytes).
    Removing stm32f30x_tim.o(i.TIM_CCxCmd), (28 bytes).
    Removing stm32f30x_tim.o(i.TIM_CCxNCmd), (28 bytes).
    Removing stm32f30x_tim.o(i.TIM_ClearFlag), (8 bytes).
    Removing stm32f30x_tim.o(i.TIM_ClearOC1Ref), (16 bytes).
    Removing stm32f30x_tim.o(i.TIM_ClearOC2Ref), (18 bytes).
    Removing stm32f30x_tim.o(i.TIM_ClearOC3Ref), (16 bytes).
    Removing stm32f30x_tim.o(i.TIM_ClearOC4Ref), (18 bytes).
    Removing stm32f30x_tim.o(i.TIM_ClearOC5Ref), (16 bytes).
    Removing stm32f30x_tim.o(i.TIM_ClearOC6Ref), (18 bytes).
    Removing stm32f30x_tim.o(i.TIM_CounterModeConfig), (18 bytes).
    Removing stm32f30x_tim.o(i.TIM_CtrlPWMOutputs), (22 bytes).
    Removing stm32f30x_tim.o(i.TIM_DMACmd), (24 bytes).
    Removing stm32f30x_tim.o(i.TIM_DMAConfig), (10 bytes).
    Removing stm32f30x_tim.o(i.TIM_DeInit), (316 bytes).
    Removing stm32f30x_tim.o(i.TIM_ETRClockMode1Config), (56 bytes).
    Removing stm32f30x_tim.o(i.TIM_ETRClockMode2Config), (32 bytes).
    Removing stm32f30x_tim.o(i.TIM_ETRConfig), (30 bytes).
    Removing stm32f30x_tim.o(i.TIM_EncoderInterfaceConfig), (72 bytes).
    Removing stm32f30x_tim.o(i.TIM_ForcedOC1Config), (20 bytes).
    Removing stm32f30x_tim.o(i.TIM_ForcedOC2Config), (24 bytes).
    Removing stm32f30x_tim.o(i.TIM_ForcedOC3Config), (16 bytes).
    Removing stm32f30x_tim.o(i.TIM_ForcedOC4Config), (18 bytes).
    Removing stm32f30x_tim.o(i.TIM_ForcedOC5Config), (16 bytes).
    Removing stm32f30x_tim.o(i.TIM_ForcedOC6Config), (18 bytes).
    Removing stm32f30x_tim.o(i.TIM_GenerateEvent), (4 bytes).
    Removing stm32f30x_tim.o(i.TIM_GetCapture1), (6 bytes).
    Removing stm32f30x_tim.o(i.TIM_GetCapture2), (6 bytes).
    Removing stm32f30x_tim.o(i.TIM_GetCapture3), (6 bytes).
    Removing stm32f30x_tim.o(i.TIM_GetCapture4), (6 bytes).
    Removing stm32f30x_tim.o(i.TIM_GetCounter), (6 bytes).
    Removing stm32f30x_tim.o(i.TIM_GetITStatus), (34 bytes).
    Removing stm32f30x_tim.o(i.TIM_GetPrescaler), (6 bytes).
    Removing stm32f30x_tim.o(i.TIM_ICInit), (110 bytes).
    Removing stm32f30x_tim.o(i.TIM_ICStructInit), (18 bytes).
    Removing stm32f30x_tim.o(i.TIM_ITRxExternalClockConfig), (24 bytes).
    Removing stm32f30x_tim.o(i.TIM_InternalClockConfig), (12 bytes).
    Removing stm32f30x_tim.o(i.TIM_OC1FastConfig), (16 bytes).
    Removing stm32f30x_tim.o(i.TIM_OC1Init), (144 bytes).
    Removing stm32f30x_tim.o(i.TIM_OC1NPolarityConfig), (16 bytes).
    Removing stm32f30x_tim.o(i.TIM_OC1PolarityConfig), (16 bytes).
    Removing stm32f30x_tim.o(i.TIM_OC1PreloadConfig), (16 bytes).
    Removing stm32f30x_tim.o(i.TIM_OC2FastConfig), (18 bytes).
    Removing stm32f30x_tim.o(i.TIM_OC2Init), (128 bytes).
    Removing stm32f30x_tim.o(i.TIM_OC2NPolarityConfig), (18 bytes).
    Removing stm32f30x_tim.o(i.TIM_OC2PolarityConfig), (18 bytes).
    Removing stm32f30x_tim.o(i.TIM_OC2PreloadConfig), (18 bytes).
    Removing stm32f30x_tim.o(i.TIM_OC3FastConfig), (16 bytes).
    Removing stm32f30x_tim.o(i.TIM_OC3Init), (124 bytes).
    Removing stm32f30x_tim.o(i.TIM_OC3NPolarityConfig), (18 bytes).
    Removing stm32f30x_tim.o(i.TIM_OC3PolarityConfig), (18 bytes).
    Removing stm32f30x_tim.o(i.TIM_OC3PreloadConfig), (16 bytes).
    Removing stm32f30x_tim.o(i.TIM_OC4FastConfig), (18 bytes).
    Removing stm32f30x_tim.o(i.TIM_OC4Init), (96 bytes).
    Removing stm32f30x_tim.o(i.TIM_OC4PolarityConfig), (18 bytes).
    Removing stm32f30x_tim.o(i.TIM_OC4PreloadConfig), (18 bytes).
    Removing stm32f30x_tim.o(i.TIM_OC5Init), (88 bytes).
    Removing stm32f30x_tim.o(i.TIM_OC5PolarityConfig), (18 bytes).
    Removing stm32f30x_tim.o(i.TIM_OC5PreloadConfig), (16 bytes).
    Removing stm32f30x_tim.o(i.TIM_OC6Init), (96 bytes).
    Removing stm32f30x_tim.o(i.TIM_OC6PolarityConfig), (18 bytes).
    Removing stm32f30x_tim.o(i.TIM_OC6PreloadConfig), (18 bytes).
    Removing stm32f30x_tim.o(i.TIM_OCStructInit), (20 bytes).
    Removing stm32f30x_tim.o(i.TIM_PWMIConfig), (124 bytes).
    Removing stm32f30x_tim.o(i.TIM_PrescalerConfig), (6 bytes).
    Removing stm32f30x_tim.o(i.TIM_RemapConfig), (6 bytes).
    Removing stm32f30x_tim.o(i.TIM_SelectCCDMA), (24 bytes).
    Removing stm32f30x_tim.o(i.TIM_SelectCOM), (24 bytes).
    Removing stm32f30x_tim.o(i.TIM_SelectGC5C1), (22 bytes).
    Removing stm32f30x_tim.o(i.TIM_SelectGC5C2), (22 bytes).
    Removing stm32f30x_tim.o(i.TIM_SelectGC5C3), (22 bytes).
    Removing stm32f30x_tim.o(i.TIM_SelectHallSensor), (24 bytes).
    Removing stm32f30x_tim.o(i.TIM_SelectInputTrigger), (20 bytes).
    Removing stm32f30x_tim.o(i.TIM_SelectMasterSlaveMode), (18 bytes).
    Removing stm32f30x_tim.o(i.TIM_SelectOCREFClear), (18 bytes).
    Removing stm32f30x_tim.o(i.TIM_SelectOCxM), (88 bytes).
    Removing stm32f30x_tim.o(i.TIM_SelectOnePulseMode), (18 bytes).
    Removing stm32f30x_tim.o(i.TIM_SelectOutputTrigger), (18 bytes).
    Removing stm32f30x_tim.o(i.TIM_SelectOutputTrigger2), (16 bytes).
    Removing stm32f30x_tim.o(i.TIM_SelectSlaveMode), (20 bytes).
    Removing stm32f30x_tim.o(i.TIM_SetAutoreload), (4 bytes).
    Removing stm32f30x_tim.o(i.TIM_SetClockDivision), (18 bytes).
    Removing stm32f30x_tim.o(i.TIM_SetCompare1), (4 bytes).
    Removing stm32f30x_tim.o(i.TIM_SetCompare2), (4 bytes).
    Removing stm32f30x_tim.o(i.TIM_SetCompare3), (4 bytes).
    Removing stm32f30x_tim.o(i.TIM_SetCompare4), (4 bytes).
    Removing stm32f30x_tim.o(i.TIM_SetCompare5), (4 bytes).
    Removing stm32f30x_tim.o(i.TIM_SetCompare6), (4 bytes).
    Removing stm32f30x_tim.o(i.TIM_SetCounter), (4 bytes).
    Removing stm32f30x_tim.o(i.TIM_SetIC1Prescaler), (16 bytes).
    Removing stm32f30x_tim.o(i.TIM_SetIC2Prescaler), (18 bytes).
    Removing stm32f30x_tim.o(i.TIM_SetIC3Prescaler), (18 bytes).
    Removing stm32f30x_tim.o(i.TIM_SetIC4Prescaler), (26 bytes).
    Removing stm32f30x_tim.o(i.TIM_TIxExternalClockConfig), (62 bytes).
    Removing stm32f30x_tim.o(i.TIM_UIFRemap), (24 bytes).
    Removing stm32f30x_tim.o(i.TIM_UpdateDisableConfig), (24 bytes).
    Removing stm32f30x_tim.o(i.TIM_UpdateRequestConfig), (24 bytes).
    Removing stm32f30x_usart.o(.rev16_text), (4 bytes).
    Removing stm32f30x_usart.o(.revsh_text), (4 bytes).
    Removing stm32f30x_usart.o(.rrx_text), (6 bytes).
    Removing stm32f30x_usart.o(i.USART_AddressDetectionConfig), (16 bytes).
    Removing stm32f30x_usart.o(i.USART_AutoBaudRateCmd), (22 bytes).
    Removing stm32f30x_usart.o(i.USART_AutoBaudRateConfig), (16 bytes).
    Removing stm32f30x_usart.o(i.USART_ClearFlag), (4 bytes).
    Removing stm32f30x_usart.o(i.USART_ClearITPendingBit), (18 bytes).
    Removing stm32f30x_usart.o(i.USART_ClockInit), (30 bytes).
    Removing stm32f30x_usart.o(i.USART_ClockStructInit), (12 bytes).
    Removing stm32f30x_usart.o(i.USART_DECmd), (22 bytes).
    Removing stm32f30x_usart.o(i.USART_DEPolarityConfig), (16 bytes).
    Removing stm32f30x_usart.o(i.USART_DMACmd), (18 bytes).
    Removing stm32f30x_usart.o(i.USART_DMAReceptionErrorConfig), (16 bytes).
    Removing stm32f30x_usart.o(i.USART_DataInvCmd), (22 bytes).
    Removing stm32f30x_usart.o(i.USART_DeInit), (156 bytes).
    Removing stm32f30x_usart.o(i.USART_DirectionModeCmd), (18 bytes).
    Removing stm32f30x_usart.o(i.USART_GetITStatus), (74 bytes).
    Removing stm32f30x_usart.o(i.USART_HalfDuplexCmd), (22 bytes).
    Removing stm32f30x_usart.o(i.USART_InvPinCmd), (18 bytes).
    Removing stm32f30x_usart.o(i.USART_IrDACmd), (22 bytes).
    Removing stm32f30x_usart.o(i.USART_IrDAConfig), (16 bytes).
    Removing stm32f30x_usart.o(i.USART_LINBreakDetectLengthConfig), (16 bytes).
    Removing stm32f30x_usart.o(i.USART_LINCmd), (22 bytes).
    Removing stm32f30x_usart.o(i.USART_MSBFirstCmd), (22 bytes).
    Removing stm32f30x_usart.o(i.USART_MuteModeCmd), (22 bytes).
    Removing stm32f30x_usart.o(i.USART_MuteModeWakeUpConfig), (16 bytes).
    Removing stm32f30x_usart.o(i.USART_OneBitMethodCmd), (22 bytes).
    Removing stm32f30x_usart.o(i.USART_OverSampling8Cmd), (22 bytes).
    Removing stm32f30x_usart.o(i.USART_OverrunDetectionConfig), (16 bytes).
    Removing stm32f30x_usart.o(i.USART_ReceiverTimeOutCmd), (22 bytes).
    Removing stm32f30x_usart.o(i.USART_RequestCmd), (18 bytes).
    Removing stm32f30x_usart.o(i.USART_STOPModeCmd), (22 bytes).
    Removing stm32f30x_usart.o(i.USART_SWAPPinCmd), (22 bytes).
    Removing stm32f30x_usart.o(i.USART_SetAddress), (18 bytes).
    Removing stm32f30x_usart.o(i.USART_SetAutoRetryCount), (18 bytes).
    Removing stm32f30x_usart.o(i.USART_SetBlockLength), (18 bytes).
    Removing stm32f30x_usart.o(i.USART_SetDEAssertionTime), (18 bytes).
    Removing stm32f30x_usart.o(i.USART_SetDEDeassertionTime), (18 bytes).
    Removing stm32f30x_usart.o(i.USART_SetGuardTime), (16 bytes).
    Removing stm32f30x_usart.o(i.USART_SetPrescaler), (16 bytes).
    Removing stm32f30x_usart.o(i.USART_SetReceiverTimeOut), (16 bytes).
    Removing stm32f30x_usart.o(i.USART_SmartCardCmd), (22 bytes).
    Removing stm32f30x_usart.o(i.USART_SmartCardNACKCmd), (22 bytes).
    Removing stm32f30x_usart.o(i.USART_StopModeWakeUpSourceConfig), (16 bytes).
    Removing stm32f30x_usart.o(i.USART_StructInit), (24 bytes).
    Removing stm32f30x_wwdg.o(.rev16_text), (4 bytes).
    Removing stm32f30x_wwdg.o(.revsh_text), (4 bytes).
    Removing stm32f30x_wwdg.o(.rrx_text), (6 bytes).
    Removing stm32f30x_wwdg.o(i.WWDG_ClearFlag), (12 bytes).
    Removing stm32f30x_wwdg.o(i.WWDG_DeInit), (22 bytes).
    Removing stm32f30x_wwdg.o(i.WWDG_Enable), (16 bytes).
    Removing stm32f30x_wwdg.o(i.WWDG_EnableIT), (20 bytes).
    Removing stm32f30x_wwdg.o(i.WWDG_GetFlagStatus), (20 bytes).
    Removing stm32f30x_wwdg.o(i.WWDG_SetCounter), (16 bytes).
    Removing stm32f30x_wwdg.o(i.WWDG_SetPrescaler), (24 bytes).
    Removing stm32f30x_wwdg.o(i.WWDG_SetWindowValue), (40 bytes).
    Removing main.o(.rev16_text), (4 bytes).
    Removing main.o(.revsh_text), (4 bytes).
    Removing main.o(.rrx_text), (6 bytes).

711 unused section(s) (total 30596 bytes) removed from the image.

==============================================================================

Image Symbol Table

    Local Symbols

    Symbol Name                              Value     Ov Type        Size  Object(Section)

    ../clib/microlib/init/entry.s            0x00000000   Number         0  entry5.o ABSOLUTE
    ../clib/microlib/init/entry.s            0x00000000   Number         0  entry9b.o ABSOLUTE
    ../clib/microlib/init/entry.s            0x00000000   Number         0  entry7a.o ABSOLUTE
    ../clib/microlib/init/entry.s            0x00000000   Number         0  entry2.o ABSOLUTE
    ../clib/microlib/init/entry.s            0x00000000   Number         0  entry10b.o ABSOLUTE
    ../clib/microlib/init/entry.s            0x00000000   Number         0  entry.o ABSOLUTE
    ../clib/microlib/init/entry.s            0x00000000   Number         0  entry11b.o ABSOLUTE
    ../clib/microlib/init/entry.s            0x00000000   Number         0  entry11a.o ABSOLUTE
    ../clib/microlib/init/entry.s            0x00000000   Number         0  entry10a.o ABSOLUTE
    ../clib/microlib/init/entry.s            0x00000000   Number         0  entry9a.o ABSOLUTE
    ../clib/microlib/init/entry.s            0x00000000   Number         0  entry8b.o ABSOLUTE
    ../clib/microlib/init/entry.s            0x00000000   Number         0  entry8a.o ABSOLUTE
    ../clib/microlib/init/entry.s            0x00000000   Number         0  entry7b.o ABSOLUTE
    ../clib/microlib/longlong.c              0x00000000   Number         0  llushr.o ABSOLUTE
    ../clib/microlib/longlong.c              0x00000000   Number         0  llshl.o ABSOLUTE
    ../clib/microlib/string/memcpy.c         0x00000000   Number         0  memcpya.o ABSOLUTE
    ../clib/microlib/string/memcpy.c         0x00000000   Number         0  memcpyb.o ABSOLUTE
    ../clib/microlib/stubs.s                 0x00000000   Number         0  iusefp.o ABSOLUTE
    ../fplib/microlib/fpdiv.c                0x00000000   Number         0  ddiv.o ABSOLUTE
    ../fplib/microlib/fpepilogue.c           0x00000000   Number         0  depilogue.o ABSOLUTE
    ../fplib/microlib/fpfix.c                0x00000000   Number         0  dfixi.o ABSOLUTE
    ../fplib/microlib/fpflt.c                0x00000000   Number         0  dflti.o ABSOLUTE
    ../fplib/microlib/fpmul.c                0x00000000   Number         0  dmul.o ABSOLUTE
    ..\..\..\Libraries\CMSIS\Device\ST\STM32F30x\Source\Templates\arm\startup_stm32f334x8.s 0x00000000   Number         0  startup_stm32f334x8.o ABSOLUTE
    ..\..\..\Libraries\STM32F30x_StdPeriph_Driver\src\stm32f30x_adc.c 0x00000000   Number         0  stm32f30x_adc.o ABSOLUTE
    ..\..\..\Libraries\STM32F30x_StdPeriph_Driver\src\stm32f30x_can.c 0x00000000   Number         0  stm32f30x_can.o ABSOLUTE
    ..\..\..\Libraries\STM32F30x_StdPeriph_Driver\src\stm32f30x_comp.c 0x00000000   Number         0  stm32f30x_comp.o ABSOLUTE
    ..\..\..\Libraries\STM32F30x_StdPeriph_Driver\src\stm32f30x_crc.c 0x00000000   Number         0  stm32f30x_crc.o ABSOLUTE
    ..\..\..\Libraries\STM32F30x_StdPeriph_Driver\src\stm32f30x_dac.c 0x00000000   Number         0  stm32f30x_dac.o ABSOLUTE
    ..\..\..\Libraries\STM32F30x_StdPeriph_Driver\src\stm32f30x_dbgmcu.c 0x00000000   Number         0  stm32f30x_dbgmcu.o ABSOLUTE
    ..\..\..\Libraries\STM32F30x_StdPeriph_Driver\src\stm32f30x_dma.c 0x00000000   Number         0  stm32f30x_dma.o ABSOLUTE
    ..\..\..\Libraries\STM32F30x_StdPeriph_Driver\src\stm32f30x_exti.c 0x00000000   Number         0  stm32f30x_exti.o ABSOLUTE
    ..\..\..\Libraries\STM32F30x_StdPeriph_Driver\src\stm32f30x_flash.c 0x00000000   Number         0  stm32f30x_flash.o ABSOLUTE
    ..\..\..\Libraries\STM32F30x_StdPeriph_Driver\src\stm32f30x_fmc.c 0x00000000   Number         0  stm32f30x_fmc.o ABSOLUTE
    ..\..\..\Libraries\STM32F30x_StdPeriph_Driver\src\stm32f30x_gpio.c 0x00000000   Number         0  stm32f30x_gpio.o ABSOLUTE
    ..\..\..\Libraries\STM32F30x_StdPeriph_Driver\src\stm32f30x_hrtim.c 0x00000000   Number         0  stm32f30x_hrtim.o ABSOLUTE
    ..\..\..\Libraries\STM32F30x_StdPeriph_Driver\src\stm32f30x_i2c.c 0x00000000   Number         0  stm32f30x_i2c.o ABSOLUTE
    ..\..\..\Libraries\STM32F30x_StdPeriph_Driver\src\stm32f30x_iwdg.c 0x00000000   Number         0  stm32f30x_iwdg.o ABSOLUTE
    ..\..\..\Libraries\STM32F30x_StdPeriph_Driver\src\stm32f30x_misc.c 0x00000000   Number         0  stm32f30x_misc.o ABSOLUTE
    ..\..\..\Libraries\STM32F30x_StdPeriph_Driver\src\stm32f30x_opamp.c 0x00000000   Number         0  stm32f30x_opamp.o ABSOLUTE
    ..\..\..\Libraries\STM32F30x_StdPeriph_Driver\src\stm32f30x_pwr.c 0x00000000   Number         0  stm32f30x_pwr.o ABSOLUTE
    ..\..\..\Libraries\STM32F30x_StdPeriph_Driver\src\stm32f30x_rcc.c 0x00000000   Number         0  stm32f30x_rcc.o ABSOLUTE
    ..\..\..\Libraries\STM32F30x_StdPeriph_Driver\src\stm32f30x_rtc.c 0x00000000   Number         0  stm32f30x_rtc.o ABSOLUTE
    ..\..\..\Libraries\STM32F30x_StdPeriph_Driver\src\stm32f30x_spi.c 0x00000000   Number         0  stm32f30x_spi.o ABSOLUTE
    ..\..\..\Libraries\STM32F30x_StdPeriph_Driver\src\stm32f30x_syscfg.c 0x00000000   Number         0  stm32f30x_syscfg.o ABSOLUTE
    ..\..\..\Libraries\STM32F30x_StdPeriph_Driver\src\stm32f30x_tim.c 0x00000000   Number         0  stm32f30x_tim.o ABSOLUTE
    ..\..\..\Libraries\STM32F30x_StdPeriph_Driver\src\stm32f30x_usart.c 0x00000000   Number         0  stm32f30x_usart.o ABSOLUTE
    ..\..\..\Libraries\STM32F30x_StdPeriph_Driver\src\stm32f30x_wwdg.c 0x00000000   Number         0  stm32f30x_wwdg.o ABSOLUTE
    ..\\..\\..\\Libraries\\STM32F30x_StdPeriph_Driver\\src\\stm32f30x_adc.c 0x00000000   Number         0  stm32f30x_adc.o ABSOLUTE
    ..\\..\\..\\Libraries\\STM32F30x_StdPeriph_Driver\\src\\stm32f30x_can.c 0x00000000   Number         0  stm32f30x_can.o ABSOLUTE
    ..\\..\\..\\Libraries\\STM32F30x_StdPeriph_Driver\\src\\stm32f30x_comp.c 0x00000000   Number         0  stm32f30x_comp.o ABSOLUTE
    ..\\..\\..\\Libraries\\STM32F30x_StdPeriph_Driver\\src\\stm32f30x_crc.c 0x00000000   Number         0  stm32f30x_crc.o ABSOLUTE
    ..\\..\\..\\Libraries\\STM32F30x_StdPeriph_Driver\\src\\stm32f30x_dac.c 0x00000000   Number         0  stm32f30x_dac.o ABSOLUTE
    ..\\..\\..\\Libraries\\STM32F30x_StdPeriph_Driver\\src\\stm32f30x_dbgmcu.c 0x00000000   Number         0  stm32f30x_dbgmcu.o ABSOLUTE
    ..\\..\\..\\Libraries\\STM32F30x_StdPeriph_Driver\\src\\stm32f30x_dma.c 0x00000000   Number         0  stm32f30x_dma.o ABSOLUTE
    ..\\..\\..\\Libraries\\STM32F30x_StdPeriph_Driver\\src\\stm32f30x_exti.c 0x00000000   Number         0  stm32f30x_exti.o ABSOLUTE
    ..\\..\\..\\Libraries\\STM32F30x_StdPeriph_Driver\\src\\stm32f30x_flash.c 0x00000000   Number         0  stm32f30x_flash.o ABSOLUTE
    ..\\..\\..\\Libraries\\STM32F30x_StdPeriph_Driver\\src\\stm32f30x_fmc.c 0x00000000   Number         0  stm32f30x_fmc.o ABSOLUTE
    ..\\..\\..\\Libraries\\STM32F30x_StdPeriph_Driver\\src\\stm32f30x_gpio.c 0x00000000   Number         0  stm32f30x_gpio.o ABSOLUTE
    ..\\..\\..\\Libraries\\STM32F30x_StdPeriph_Driver\\src\\stm32f30x_hrtim.c 0x00000000   Number         0  stm32f30x_hrtim.o ABSOLUTE
    ..\\..\\..\\Libraries\\STM32F30x_StdPeriph_Driver\\src\\stm32f30x_i2c.c 0x00000000   Number         0  stm32f30x_i2c.o ABSOLUTE
    ..\\..\\..\\Libraries\\STM32F30x_StdPeriph_Driver\\src\\stm32f30x_iwdg.c 0x00000000   Number         0  stm32f30x_iwdg.o ABSOLUTE
    ..\\..\\..\\Libraries\\STM32F30x_StdPeriph_Driver\\src\\stm32f30x_misc.c 0x00000000   Number         0  stm32f30x_misc.o ABSOLUTE
    ..\\..\\..\\Libraries\\STM32F30x_StdPeriph_Driver\\src\\stm32f30x_opamp.c 0x00000000   Number         0  stm32f30x_opamp.o ABSOLUTE
    ..\\..\\..\\Libraries\\STM32F30x_StdPeriph_Driver\\src\\stm32f30x_pwr.c 0x00000000   Number         0  stm32f30x_pwr.o ABSOLUTE
    ..\\..\\..\\Libraries\\STM32F30x_StdPeriph_Driver\\src\\stm32f30x_rcc.c 0x00000000   Number         0  stm32f30x_rcc.o ABSOLUTE
    ..\\..\\..\\Libraries\\STM32F30x_StdPeriph_Driver\\src\\stm32f30x_rtc.c 0x00000000   Number         0  stm32f30x_rtc.o ABSOLUTE
    ..\\..\\..\\Libraries\\STM32F30x_StdPeriph_Driver\\src\\stm32f30x_spi.c 0x00000000   Number         0  stm32f30x_spi.o ABSOLUTE
    ..\\..\\..\\Libraries\\STM32F30x_StdPeriph_Driver\\src\\stm32f30x_syscfg.c 0x00000000   Number         0  stm32f30x_syscfg.o ABSOLUTE
    ..\\..\\..\\Libraries\\STM32F30x_StdPeriph_Driver\\src\\stm32f30x_tim.c 0x00000000   Number         0  stm32f30x_tim.o ABSOLUTE
    ..\\..\\..\\Libraries\\STM32F30x_StdPeriph_Driver\\src\\stm32f30x_usart.c 0x00000000   Number         0  stm32f30x_usart.o ABSOLUTE
    ..\\..\\..\\Libraries\\STM32F30x_StdPeriph_Driver\\src\\stm32f30x_wwdg.c 0x00000000   Number         0  stm32f30x_wwdg.o ABSOLUTE
    ..\\main.c                               0x00000000   Number         0  main.o ABSOLUTE
    ..\\system_stm32f30x.c                   0x00000000   Number         0  system_stm32f30x.o ABSOLUTE
    ..\main.c                                0x00000000   Number         0  main.o ABSOLUTE
    ..\system_stm32f30x.c                    0x00000000   Number         0  system_stm32f30x.o ABSOLUTE
    dc.s                                     0x00000000   Number         0  dc.o ABSOLUTE
    handlers.s                               0x00000000   Number         0  handlers.o ABSOLUTE
    init.s                                   0x00000000   Number         0  init.o ABSOLUTE
    RESET                                    0x08000000   Section      392  startup_stm32f334x8.o(RESET)
    .ARM.Collect$$$$00000000                 0x08000188   Section        0  entry.o(.ARM.Collect$$$$00000000)
    .ARM.Collect$$$$00000001                 0x08000188   Section        4  entry2.o(.ARM.Collect$$$$00000001)
    .ARM.Collect$$$$00000004                 0x0800018c   Section        4  entry5.o(.ARM.Collect$$$$00000004)
    .ARM.Collect$$$$00000008                 0x08000190   Section        0  entry7b.o(.ARM.Collect$$$$00000008)
    .ARM.Collect$$$$0000000A                 0x08000190   Section        0  entry8b.o(.ARM.Collect$$$$0000000A)
    .ARM.Collect$$$$0000000B                 0x08000190   Section        8  entry9a.o(.ARM.Collect$$$$0000000B)
    .ARM.Collect$$$$0000000D                 0x08000198   Section        0  entry10a.o(.ARM.Collect$$$$0000000D)
    .ARM.Collect$$$$0000000F                 0x08000198   Section        0  entry11a.o(.ARM.Collect$$$$0000000F)
    .ARM.Collect$$$$00002712                 0x08000198   Section        4  entry2.o(.ARM.Collect$$$$00002712)
    __lit__00000000                          0x08000198   Data           4  entry2.o(.ARM.Collect$$$$00002712)
    .text                                    0x0800019c   Section       36  startup_stm32f334x8.o(.text)
    $v0                                      0x0800019c   Number         0  startup_stm32f334x8.o(.text)
    .text                                    0x080001c0   Section        0  memcpya.o(.text)
    .text                                    0x080001e4   Section        0  dmul.o(.text)
    .text                                    0x080002c8   Section        0  ddiv.o(.text)
    .text                                    0x080003a6   Section        0  dflti.o(.text)
    .text                                    0x080003c8   Section        0  dfixi.o(.text)
    .text                                    0x08000406   Section        0  llushr.o(.text)
    .text                                    0x08000426   Section        0  iusefp.o(.text)
    .text                                    0x08000426   Section        0  depilogue.o(.text)
    .text                                    0x080004e0   Section       36  init.o(.text)
    .text                                    0x08000504   Section        0  llshl.o(.text)
    i.ADC_Cmd                                0x08000522   Section        0  stm32f30x_adc.o(i.ADC_Cmd)
    i.ADC_CommonInit                         0x08000538   Section        0  stm32f30x_adc.o(i.ADC_CommonInit)
    i.ADC_CommonStructInit                   0x0800059c   Section        0  stm32f30x_adc.o(i.ADC_CommonStructInit)
    i.ADC_GetCalibrationStatus               0x080005aa   Section        0  stm32f30x_adc.o(i.ADC_GetCalibrationStatus)
    i.ADC_GetCalibrationValue                0x080005be   Section        0  stm32f30x_adc.o(i.ADC_GetCalibrationValue)
    i.ADC_GetConversionValue                 0x080005c6   Section        0  stm32f30x_adc.o(i.ADC_GetConversionValue)
    i.ADC_GetFlagStatus                      0x080005ce   Section        0  stm32f30x_adc.o(i.ADC_GetFlagStatus)
    i.ADC_Init                               0x080005e0   Section        0  stm32f30x_adc.o(i.ADC_Init)
    i.ADC_RegularChannelConfig               0x08000620   Section        0  stm32f30x_adc.o(i.ADC_RegularChannelConfig)
    i.ADC_RegularChannelSequencerLengthConfig 0x0800071a   Section        0  stm32f30x_adc.o(i.ADC_RegularChannelSequencerLengthConfig)
    i.ADC_SelectCalibrationMode              0x0800072c   Section        0  stm32f30x_adc.o(i.ADC_SelectCalibrationMode)
    i.ADC_StartCalibration                   0x0800073c   Section        0  stm32f30x_adc.o(i.ADC_StartCalibration)
    i.ADC_StartConversion                    0x08000746   Section        0  stm32f30x_adc.o(i.ADC_StartConversion)
    i.ADC_StructInit                         0x08000750   Section        0  stm32f30x_adc.o(i.ADC_StructInit)
    i.ADC_VoltageRegulatorCmd                0x08000766   Section        0  stm32f30x_adc.o(i.ADC_VoltageRegulatorCmd)
    i.GPIO_Init                              0x08000784   Section        0  stm32f30x_gpio.o(i.GPIO_Init)
    i.GPIO_PinAFConfig                       0x0800081a   Section        0  stm32f30x_gpio.o(i.GPIO_PinAFConfig)
    i.GPIO_ResetBits                         0x08000860   Section        0  stm32f30x_gpio.o(i.GPIO_ResetBits)
    i.GPIO_SetBits                           0x08000864   Section        0  stm32f30x_gpio.o(i.GPIO_SetBits)
    i.NVIC_Init                              0x08000868   Section        0  stm32f30x_misc.o(i.NVIC_Init)
    i.NVIC_PriorityGroupConfig               0x080008d8   Section        0  stm32f30x_misc.o(i.NVIC_PriorityGroupConfig)
    i.RCC_ADCCLKConfig                       0x080008ec   Section        0  stm32f30x_rcc.o(i.RCC_ADCCLKConfig)
    i.RCC_AHBPeriphClockCmd                  0x0800091c   Section        0  stm32f30x_rcc.o(i.RCC_AHBPeriphClockCmd)
    i.RCC_APB1PeriphClockCmd                 0x0800093c   Section        0  stm32f30x_rcc.o(i.RCC_APB1PeriphClockCmd)
    i.RCC_APB1PeriphResetCmd                 0x0800095c   Section        0  stm32f30x_rcc.o(i.RCC_APB1PeriphResetCmd)
    i.RCC_APB2PeriphClockCmd                 0x0800097c   Section        0  stm32f30x_rcc.o(i.RCC_APB2PeriphClockCmd)
    i.RCC_APB2PeriphResetCmd                 0x0800099c   Section        0  stm32f30x_rcc.o(i.RCC_APB2PeriphResetCmd)
    i.RCC_GetClocksFreq                      0x080009bc   Section        0  stm32f30x_rcc.o(i.RCC_GetClocksFreq)
    i.SPI1_IRQHandler                        0x08000f24   Section        0  main.o(i.SPI1_IRQHandler)
    i.SPI_Cmd                                0x08000fd8   Section        0  stm32f30x_spi.o(i.SPI_Cmd)
    i.SPI_GetTransmissionFIFOStatus          0x08000ff0   Section        0  stm32f30x_spi.o(i.SPI_GetTransmissionFIFOStatus)
    i.SPI_I2S_ClearFlag                      0x08000ffa   Section        0  stm32f30x_spi.o(i.SPI_I2S_ClearFlag)
    i.SPI_I2S_DeInit                         0x08001000   Section        0  stm32f30x_spi.o(i.SPI_I2S_DeInit)
    i.SPI_I2S_GetFlagStatus                  0x08001078   Section        0  stm32f30x_spi.o(i.SPI_I2S_GetFlagStatus)
    i.SPI_I2S_ITConfig                       0x0800108a   Section        0  stm32f30x_spi.o(i.SPI_I2S_ITConfig)
    i.SPI_Init                               0x080010aa   Section        0  stm32f30x_spi.o(i.SPI_Init)
    i.SPI_SSOutputCmd                        0x0800112c   Section        0  stm32f30x_spi.o(i.SPI_SSOutputCmd)
    i.SPI_SendData8                          0x08001144   Section        0  stm32f30x_spi.o(i.SPI_SendData8)
    i.SetSysClock                            0x08001150   Section        0  system_stm32f30x.o(i.SetSysClock)
    SetSysClock                              0x08001151   Thumb Code   188  system_stm32f30x.o(i.SetSysClock)
    i.SystemInit                             0x08001214   Section        0  system_stm32f30x.o(i.SystemInit)
    i.TIM2_IRQHandler                        0x08001298   Section        0  main.o(i.TIM2_IRQHandler)
    i.TIM_ClearITPendingBit                  0x080012a4   Section        0  stm32f30x_tim.o(i.TIM_ClearITPendingBit)
    i.TIM_Cmd                                0x080012ac   Section        0  stm32f30x_tim.o(i.TIM_Cmd)
    i.TIM_GetFlagStatus                      0x080012c4   Section        0  stm32f30x_tim.o(i.TIM_GetFlagStatus)
    i.TIM_ITConfig                           0x080012d6   Section        0  stm32f30x_tim.o(i.TIM_ITConfig)
    i.TIM_TimeBaseInit                       0x080012f0   Section        0  stm32f30x_tim.o(i.TIM_TimeBaseInit)
    i.TIM_TimeBaseStructInit                 0x08001398   Section        0  stm32f30x_tim.o(i.TIM_TimeBaseStructInit)
    i.USART2_IRQHandler                      0x080013ac   Section        0  main.o(i.USART2_IRQHandler)
    i.USART_Cmd                              0x080015d4   Section        0  stm32f30x_usart.o(i.USART_Cmd)
    i.USART_GetFlagStatus                    0x080015ea   Section        0  stm32f30x_usart.o(i.USART_GetFlagStatus)
    i.USART_ITConfig                         0x080015fc   Section        0  stm32f30x_usart.o(i.USART_ITConfig)
    i.USART_Init                             0x08001638   Section        0  stm32f30x_usart.o(i.USART_Init)
    i.USART_ReceiveData                      0x08001724   Section        0  stm32f30x_usart.o(i.USART_ReceiveData)
    i.USART_SendData                         0x0800172e   Section        0  stm32f30x_usart.o(i.USART_SendData)
    i.__scatterload_copy                     0x08001736   Section       14  handlers.o(i.__scatterload_copy)
    i.__scatterload_null                     0x08001744   Section        2  handlers.o(i.__scatterload_null)
    i.__scatterload_zeroinit                 0x08001746   Section       14  handlers.o(i.__scatterload_zeroinit)
    i.main                                   0x08001754   Section        0  main.o(i.main)
    .constdata                               0x08001aa4   Section      120  main.o(.constdata)
    .data                                    0x20000000   Section       48  stm32f30x_rcc.o(.data)
    APBAHBPrescTable                         0x20000000   Data          16  stm32f30x_rcc.o(.data)
    ADCPrescTable                            0x20000010   Data          32  stm32f30x_rcc.o(.data)
    STACK                                    0x20000030   Section     1024  startup_stm32f334x8.o(STACK)

    Global Symbols

    Symbol Name                              Value     Ov Type        Size  Object(Section)

    BuildAttributes$$THM_ISAv4$E$P$D$K$B$S$7EM$VFPi3$EXTD16$VFPS$VFMA$PE$A:L22UL41UL21$X:L11$S22US41US21$IEEE1$IW$USESV6$~STKCKD$USESV7$~SHL$OSPACE$ROPI$EBA8$MICROLIB$REQ8$PRES8$EABIv2 0x00000000   Number         0  anon$$obj.o ABSOLUTE
    __ARM_use_no_argv                        0x00000000   Number         0  main.o ABSOLUTE
    __cpp_initialize__aeabi_                  - Undefined Weak Reference
    __cxa_finalize                            - Undefined Weak Reference
    __decompress                              - Undefined Weak Reference
    _clock_init                               - Undefined Weak Reference
    _microlib_exit                            - Undefined Weak Reference
    __Vectors_Size                           0x00000188   Number         0  startup_stm32f334x8.o ABSOLUTE
    __Vectors                                0x08000000   Data           4  startup_stm32f334x8.o(RESET)
    __Vectors_End                            0x08000188   Data           0  startup_stm32f334x8.o(RESET)
    __main                                   0x08000189   Thumb Code     0  entry.o(.ARM.Collect$$$$00000000)
    _main_stk                                0x08000189   Thumb Code     0  entry2.o(.ARM.Collect$$$$00000001)
    _main_scatterload                        0x0800018d   Thumb Code     0  entry5.o(.ARM.Collect$$$$00000004)
    __main_after_scatterload                 0x08000191   Thumb Code     0  entry5.o(.ARM.Collect$$$$00000004)
    _main_clock                              0x08000191   Thumb Code     0  entry7b.o(.ARM.Collect$$$$00000008)
    _main_cpp_init                           0x08000191   Thumb Code     0  entry8b.o(.ARM.Collect$$$$0000000A)
    _main_init                               0x08000191   Thumb Code     0  entry9a.o(.ARM.Collect$$$$0000000B)
    __rt_final_cpp                           0x08000199   Thumb Code     0  entry10a.o(.ARM.Collect$$$$0000000D)
    __rt_final_exit                          0x08000199   Thumb Code     0  entry11a.o(.ARM.Collect$$$$0000000F)
    Reset_Handler                            0x0800019d   Thumb Code     8  startup_stm32f334x8.o(.text)
    NMI_Handler                              0x080001a5   Thumb Code     2  startup_stm32f334x8.o(.text)
    HardFault_Handler                        0x080001a7   Thumb Code     2  startup_stm32f334x8.o(.text)
    MemManage_Handler                        0x080001a9   Thumb Code     2  startup_stm32f334x8.o(.text)
    BusFault_Handler                         0x080001ab   Thumb Code     2  startup_stm32f334x8.o(.text)
    UsageFault_Handler                       0x080001ad   Thumb Code     2  startup_stm32f334x8.o(.text)
    SVC_Handler                              0x080001af   Thumb Code     2  startup_stm32f334x8.o(.text)
    DebugMon_Handler                         0x080001b1   Thumb Code     2  startup_stm32f334x8.o(.text)
    PendSV_Handler                           0x080001b3   Thumb Code     2  startup_stm32f334x8.o(.text)
    SysTick_Handler                          0x080001b5   Thumb Code     2  startup_stm32f334x8.o(.text)
    ADC1_2_IRQHandler                        0x080001b7   Thumb Code     0  startup_stm32f334x8.o(.text)
    CAN1_RX0_IRQHandler                      0x080001b7   Thumb Code     0  startup_stm32f334x8.o(.text)
    CAN1_RX1_IRQHandler                      0x080001b7   Thumb Code     0  startup_stm32f334x8.o(.text)
    CAN1_SCE_IRQHandler                      0x080001b7   Thumb Code     0  startup_stm32f334x8.o(.text)
    CAN1_TX_IRQHandler                       0x080001b7   Thumb Code     0  startup_stm32f334x8.o(.text)
    COMP2_IRQHandler                         0x080001b7   Thumb Code     0  startup_stm32f334x8.o(.text)
    COMP4_6_IRQHandler                       0x080001b7   Thumb Code     0  startup_stm32f334x8.o(.text)
    DMA1_Channel1_IRQHandler                 0x080001b7   Thumb Code     0  startup_stm32f334x8.o(.text)
    DMA1_Channel2_IRQHandler                 0x080001b7   Thumb Code     0  startup_stm32f334x8.o(.text)
    DMA1_Channel3_IRQHandler                 0x080001b7   Thumb Code     0  startup_stm32f334x8.o(.text)
    DMA1_Channel4_IRQHandler                 0x080001b7   Thumb Code     0  startup_stm32f334x8.o(.text)
    DMA1_Channel5_IRQHandler                 0x080001b7   Thumb Code     0  startup_stm32f334x8.o(.text)
    DMA1_Channel6_IRQHandler                 0x080001b7   Thumb Code     0  startup_stm32f334x8.o(.text)
    DMA1_Channel7_IRQHandler                 0x080001b7   Thumb Code     0  startup_stm32f334x8.o(.text)
    EXTI0_IRQHandler                         0x080001b7   Thumb Code     0  startup_stm32f334x8.o(.text)
    EXTI15_10_IRQHandler                     0x080001b7   Thumb Code     0  startup_stm32f334x8.o(.text)
    EXTI1_IRQHandler                         0x080001b7   Thumb Code     0  startup_stm32f334x8.o(.text)
    EXTI2_TS_IRQHandler                      0x080001b7   Thumb Code     0  startup_stm32f334x8.o(.text)
    EXTI3_IRQHandler                         0x080001b7   Thumb Code     0  startup_stm32f334x8.o(.text)
    EXTI4_IRQHandler                         0x080001b7   Thumb Code     0  startup_stm32f334x8.o(.text)
    EXTI9_5_IRQHandler                       0x080001b7   Thumb Code     0  startup_stm32f334x8.o(.text)
    FLASH_IRQHandler                         0x080001b7   Thumb Code     0  startup_stm32f334x8.o(.text)
    FPU_IRQHandler                           0x080001b7   Thumb Code     0  startup_stm32f334x8.o(.text)
    HRTIM1_FLT_IRQHandler                    0x080001b7   Thumb Code     0  startup_stm32f334x8.o(.text)
    HRTIM1_Master_IRQHandler                 0x080001b7   Thumb Code     0  startup_stm32f334x8.o(.text)
    HRTIM1_TIMA_IRQHandler                   0x080001b7   Thumb Code     0  startup_stm32f334x8.o(.text)
    HRTIM1_TIMB_IRQHandler                   0x080001b7   Thumb Code     0  startup_stm32f334x8.o(.text)
    HRTIM1_TIMC_IRQHandler                   0x080001b7   Thumb Code     0  startup_stm32f334x8.o(.text)
    HRTIM1_TIMD_IRQHandler                   0x080001b7   Thumb Code     0  startup_stm32f334x8.o(.text)
    HRTIM1_TIME_IRQHandler                   0x080001b7   Thumb Code     0  startup_stm32f334x8.o(.text)
    I2C1_ER_IRQHandler                       0x080001b7   Thumb Code     0  startup_stm32f334x8.o(.text)
    I2C1_EV_IRQHandler                       0x080001b7   Thumb Code     0  startup_stm32f334x8.o(.text)
    PVD_IRQHandler                           0x080001b7   Thumb Code     0  startup_stm32f334x8.o(.text)
    RCC_IRQHandler                           0x080001b7   Thumb Code     0  startup_stm32f334x8.o(.text)
    RTC_Alarm_IRQHandler                     0x080001b7   Thumb Code     0  startup_stm32f334x8.o(.text)
    RTC_WKUP_IRQHandler                      0x080001b7   Thumb Code     0  startup_stm32f334x8.o(.text)
    TAMPER_STAMP_IRQHandler                  0x080001b7   Thumb Code     0  startup_stm32f334x8.o(.text)
    TIM1_BRK_TIM15_IRQHandler                0x080001b7   Thumb Code     0  startup_stm32f334x8.o(.text)
    TIM1_CC_IRQHandler                       0x080001b7   Thumb Code     0  startup_stm32f334x8.o(.text)
    TIM1_TRG_COM_TIM17_IRQHandler            0x080001b7   Thumb Code     0  startup_stm32f334x8.o(.text)
    TIM1_UP_TIM16_IRQHandler                 0x080001b7   Thumb Code     0  startup_stm32f334x8.o(.text)
    TIM3_IRQHandler                          0x080001b7   Thumb Code     0  startup_stm32f334x8.o(.text)
    TIM6_DAC1_IRQHandler                     0x080001b7   Thumb Code     0  startup_stm32f334x8.o(.text)
    TIM7_DAC2_IRQHandler                     0x080001b7   Thumb Code     0  startup_stm32f334x8.o(.text)
    USART1_IRQHandler                        0x080001b7   Thumb Code     0  startup_stm32f334x8.o(.text)
    USART3_IRQHandler                        0x080001b7   Thumb Code     0  startup_stm32f334x8.o(.text)
    WWDG_IRQHandler                          0x080001b7   Thumb Code     0  startup_stm32f334x8.o(.text)
    __aeabi_memcpy                           0x080001c1   Thumb Code    36  memcpya.o(.text)
    __aeabi_memcpy4                          0x080001c1   Thumb Code     0  memcpya.o(.text)
    __aeabi_memcpy8                          0x080001c1   Thumb Code     0  memcpya.o(.text)
    __aeabi_dmul                             0x080001e5   Thumb Code   228  dmul.o(.text)
    __aeabi_ddiv                             0x080002c9   Thumb Code   222  ddiv.o(.text)
    __aeabi_i2d                              0x080003a7   Thumb Code    34  dflti.o(.text)
    __aeabi_d2iz                             0x080003c9   Thumb Code    62  dfixi.o(.text)
    __aeabi_llsr                             0x08000407   Thumb Code    32  llushr.o(.text)
    _ll_ushift_r                             0x08000407   Thumb Code     0  llushr.o(.text)
    __I$use$fp                               0x08000427   Thumb Code     0  iusefp.o(.text)
    _double_round                            0x08000427   Thumb Code    30  depilogue.o(.text)
    _double_epilogue                         0x08000445   Thumb Code   156  depilogue.o(.text)
    __scatterload                            0x080004e1   Thumb Code    28  init.o(.text)
    __scatterload_rt2                        0x080004e1   Thumb Code     0  init.o(.text)
    __aeabi_llsl                             0x08000505   Thumb Code    30  llshl.o(.text)
    _ll_shift_l                              0x08000505   Thumb Code     0  llshl.o(.text)
    ADC_Cmd                                  0x08000523   Thumb Code    22  stm32f30x_adc.o(i.ADC_Cmd)
    ADC_CommonInit                           0x08000539   Thumb Code    82  stm32f30x_adc.o(i.ADC_CommonInit)
    ADC_CommonStructInit                     0x0800059d   Thumb Code    14  stm32f30x_adc.o(i.ADC_CommonStructInit)
    ADC_GetCalibrationStatus                 0x080005ab   Thumb Code    20  stm32f30x_adc.o(i.ADC_GetCalibrationStatus)
    ADC_GetCalibrationValue                  0x080005bf   Thumb Code     8  stm32f30x_adc.o(i.ADC_GetCalibrationValue)
    ADC_GetConversionValue                   0x080005c7   Thumb Code     8  stm32f30x_adc.o(i.ADC_GetConversionValue)
    ADC_GetFlagStatus                        0x080005cf   Thumb Code    18  stm32f30x_adc.o(i.ADC_GetFlagStatus)
    ADC_Init                                 0x080005e1   Thumb Code    58  stm32f30x_adc.o(i.ADC_Init)
    ADC_RegularChannelConfig                 0x08000621   Thumb Code   250  stm32f30x_adc.o(i.ADC_RegularChannelConfig)
    ADC_RegularChannelSequencerLengthConfig  0x0800071b   Thumb Code    18  stm32f30x_adc.o(i.ADC_RegularChannelSequencerLengthConfig)
    ADC_SelectCalibrationMode                0x0800072d   Thumb Code    16  stm32f30x_adc.o(i.ADC_SelectCalibrationMode)
    ADC_StartCalibration                     0x0800073d   Thumb Code    10  stm32f30x_adc.o(i.ADC_StartCalibration)
    ADC_StartConversion                      0x08000747   Thumb Code    10  stm32f30x_adc.o(i.ADC_StartConversion)
    ADC_StructInit                           0x08000751   Thumb Code    22  stm32f30x_adc.o(i.ADC_StructInit)
    ADC_VoltageRegulatorCmd                  0x08000767   Thumb Code    30  stm32f30x_adc.o(i.ADC_VoltageRegulatorCmd)
    GPIO_Init                                0x08000785   Thumb Code   150  stm32f30x_gpio.o(i.GPIO_Init)
    GPIO_PinAFConfig                         0x0800081b   Thumb Code    70  stm32f30x_gpio.o(i.GPIO_PinAFConfig)
    GPIO_ResetBits                           0x08000861   Thumb Code     4  stm32f30x_gpio.o(i.GPIO_ResetBits)
    GPIO_SetBits                             0x08000865   Thumb Code     4  stm32f30x_gpio.o(i.GPIO_SetBits)
    NVIC_Init                                0x08000869   Thumb Code   100  stm32f30x_misc.o(i.NVIC_Init)
    NVIC_PriorityGroupConfig                 0x080008d9   Thumb Code    10  stm32f30x_misc.o(i.NVIC_PriorityGroupConfig)
    RCC_ADCCLKConfig                         0x080008ed   Thumb Code    44  stm32f30x_rcc.o(i.RCC_ADCCLKConfig)
    RCC_AHBPeriphClockCmd                    0x0800091d   Thumb Code    26  stm32f30x_rcc.o(i.RCC_AHBPeriphClockCmd)
    RCC_APB1PeriphClockCmd                   0x0800093d   Thumb Code    26  stm32f30x_rcc.o(i.RCC_APB1PeriphClockCmd)
    RCC_APB1PeriphResetCmd                   0x0800095d   Thumb Code    26  stm32f30x_rcc.o(i.RCC_APB1PeriphResetCmd)
    RCC_APB2PeriphClockCmd                   0x0800097d   Thumb Code    26  stm32f30x_rcc.o(i.RCC_APB2PeriphClockCmd)
    RCC_APB2PeriphResetCmd                   0x0800099d   Thumb Code    26  stm32f30x_rcc.o(i.RCC_APB2PeriphResetCmd)
    RCC_GetClocksFreq                        0x080009bd   Thumb Code  1364  stm32f30x_rcc.o(i.RCC_GetClocksFreq)
    SPI1_IRQHandler                          0x08000f25   Thumb Code   162  main.o(i.SPI1_IRQHandler)
    SPI_Cmd                                  0x08000fd9   Thumb Code    24  stm32f30x_spi.o(i.SPI_Cmd)
    SPI_GetTransmissionFIFOStatus            0x08000ff1   Thumb Code    10  stm32f30x_spi.o(i.SPI_GetTransmissionFIFOStatus)
    SPI_I2S_ClearFlag                        0x08000ffb   Thumb Code     6  stm32f30x_spi.o(i.SPI_I2S_ClearFlag)
    SPI_I2S_DeInit                           0x08001001   Thumb Code   102  stm32f30x_spi.o(i.SPI_I2S_DeInit)
    SPI_I2S_GetFlagStatus                    0x08001079   Thumb Code    18  stm32f30x_spi.o(i.SPI_I2S_GetFlagStatus)
    SPI_I2S_ITConfig                         0x0800108b   Thumb Code    32  stm32f30x_spi.o(i.SPI_I2S_ITConfig)
    SPI_Init                                 0x080010ab   Thumb Code   130  stm32f30x_spi.o(i.SPI_Init)
    SPI_SSOutputCmd                          0x0800112d   Thumb Code    24  stm32f30x_spi.o(i.SPI_SSOutputCmd)
    SPI_SendData8                            0x08001145   Thumb Code    10  stm32f30x_spi.o(i.SPI_SendData8)
    SystemInit                               0x08001215   Thumb Code   112  system_stm32f30x.o(i.SystemInit)
    TIM2_IRQHandler                          0x08001299   Thumb Code    12  main.o(i.TIM2_IRQHandler)
    TIM_ClearITPendingBit                    0x080012a5   Thumb Code     8  stm32f30x_tim.o(i.TIM_ClearITPendingBit)
    TIM_Cmd                                  0x080012ad   Thumb Code    24  stm32f30x_tim.o(i.TIM_Cmd)
    TIM_GetFlagStatus                        0x080012c5   Thumb Code    18  stm32f30x_tim.o(i.TIM_GetFlagStatus)
    TIM_ITConfig                             0x080012d7   Thumb Code    24  stm32f30x_tim.o(i.TIM_ITConfig)
    TIM_TimeBaseInit                         0x080012f1   Thumb Code   128  stm32f30x_tim.o(i.TIM_TimeBaseInit)
    TIM_TimeBaseStructInit                   0x08001399   Thumb Code    18  stm32f30x_tim.o(i.TIM_TimeBaseStructInit)
    USART2_IRQHandler                        0x080013ad   Thumb Code   518  main.o(i.USART2_IRQHandler)
    USART_Cmd                                0x080015d5   Thumb Code    22  stm32f30x_usart.o(i.USART_Cmd)
    USART_GetFlagStatus                      0x080015eb   Thumb Code    18  stm32f30x_usart.o(i.USART_GetFlagStatus)
    USART_ITConfig                           0x080015fd   Thumb Code    58  stm32f30x_usart.o(i.USART_ITConfig)
    USART_Init                               0x08001639   Thumb Code   220  stm32f30x_usart.o(i.USART_Init)
    USART_ReceiveData                        0x08001725   Thumb Code    10  stm32f30x_usart.o(i.USART_ReceiveData)
    USART_SendData                           0x0800172f   Thumb Code     8  stm32f30x_usart.o(i.USART_SendData)
    __scatterload_copy                       0x08001737   Thumb Code    14  handlers.o(i.__scatterload_copy)
    __scatterload_null                       0x08001745   Thumb Code     2  handlers.o(i.__scatterload_null)
    __scatterload_zeroinit                   0x08001747   Thumb Code    14  handlers.o(i.__scatterload_zeroinit)
    main                                     0x08001755   Thumb Code   822  main.o(i.main)
    Region$$Table$$Base                      0x08001b1c   Number         0  anon$$obj.o(Region$$Table)
    Region$$Table$$Limit                     0x08001b3c   Number         0  anon$$obj.o(Region$$Table)
    __initial_sp                             0x20000430   Data           0  startup_stm32f334x8.o(STACK)



==============================================================================

Memory Map of the image

  Image Entry point : 0x08000189

  Load Region LR_IROM1 (Base: 0x08000000, Size: 0x00001b6c, Max: 0x00010000, ABSOLUTE)

    Execution Region ER_IROM1 (Exec base: 0x08000000, Load base: 0x08000000, Size: 0x00001b3c, Max: 0x00010000, ABSOLUTE)

    Exec Addr    Load Addr    Size         Type   Attr      Idx    E Section Name        Object

    0x08000000   0x08000000   0x00000188   Data   RO          114    RESET               startup_stm32f334x8.o
    0x08000188   0x08000188   0x00000000   Code   RO         4781  * .ARM.Collect$$$$00000000  mc_w.l(entry.o)
    0x08000188   0x08000188   0x00000004   Code   RO         4796    .ARM.Collect$$$$00000001  mc_w.l(entry2.o)
    0x0800018c   0x0800018c   0x00000004   Code   RO         4799    .ARM.Collect$$$$00000004  mc_w.l(entry5.o)
    0x08000190   0x08000190   0x00000000   Code   RO         4801    .ARM.Collect$$$$00000008  mc_w.l(entry7b.o)
    0x08000190   0x08000190   0x00000000   Code   RO         4803    .ARM.Collect$$$$0000000A  mc_w.l(entry8b.o)
    0x08000190   0x08000190   0x00000008   Code   RO         4804    .ARM.Collect$$$$0000000B  mc_w.l(entry9a.o)
    0x08000198   0x08000198   0x00000000   Code   RO         4806    .ARM.Collect$$$$0000000D  mc_w.l(entry10a.o)
    0x08000198   0x08000198   0x00000000   Code   RO         4808    .ARM.Collect$$$$0000000F  mc_w.l(entry11a.o)
    0x08000198   0x08000198   0x00000004   Code   RO         4797    .ARM.Collect$$$$00002712  mc_w.l(entry2.o)
    0x0800019c   0x0800019c   0x00000024   Code   RO          115    .text               startup_stm32f334x8.o
    0x080001c0   0x080001c0   0x00000024   Code   RO         4784    .text               mc_w.l(memcpya.o)
    0x080001e4   0x080001e4   0x000000e4   Code   RO         4788    .text               mf_w.l(dmul.o)
    0x080002c8   0x080002c8   0x000000de   Code   RO         4790    .text               mf_w.l(ddiv.o)
    0x080003a6   0x080003a6   0x00000022   Code   RO         4792    .text               mf_w.l(dflti.o)
    0x080003c8   0x080003c8   0x0000003e   Code   RO         4794    .text               mf_w.l(dfixi.o)
    0x08000406   0x08000406   0x00000020   Code   RO         4810    .text               mc_w.l(llushr.o)
    0x08000426   0x08000426   0x00000000   Code   RO         4812    .text               mc_w.l(iusefp.o)
    0x08000426   0x08000426   0x000000ba   Code   RO         4813    .text               mf_w.l(depilogue.o)
    0x080004e0   0x080004e0   0x00000024   Code   RO         4815    .text               mc_w.l(init.o)
    0x08000504   0x08000504   0x0000001e   Code   RO         4817    .text               mc_w.l(llshl.o)
    0x08000522   0x08000522   0x00000016   Code   RO          549    i.ADC_Cmd           stm32f30x_adc.o
    0x08000538   0x08000538   0x00000064   Code   RO          550    i.ADC_CommonInit    stm32f30x_adc.o
    0x0800059c   0x0800059c   0x0000000e   Code   RO          551    i.ADC_CommonStructInit  stm32f30x_adc.o
    0x080005aa   0x080005aa   0x00000014   Code   RO          559    i.ADC_GetCalibrationStatus  stm32f30x_adc.o
    0x080005be   0x080005be   0x00000008   Code   RO          560    i.ADC_GetCalibrationValue  stm32f30x_adc.o
    0x080005c6   0x080005c6   0x00000008   Code   RO          562    i.ADC_GetConversionValue  stm32f30x_adc.o
    0x080005ce   0x080005ce   0x00000012   Code   RO          565    i.ADC_GetFlagStatus  stm32f30x_adc.o
    0x080005e0   0x080005e0   0x00000040   Code   RO          571    i.ADC_Init          stm32f30x_adc.o
    0x08000620   0x08000620   0x000000fa   Code   RO          576    i.ADC_RegularChannelConfig  stm32f30x_adc.o
    0x0800071a   0x0800071a   0x00000012   Code   RO          577    i.ADC_RegularChannelSequencerLengthConfig  stm32f30x_adc.o
    0x0800072c   0x0800072c   0x00000010   Code   RO          578    i.ADC_SelectCalibrationMode  stm32f30x_adc.o
    0x0800073c   0x0800073c   0x0000000a   Code   RO          586    i.ADC_StartCalibration  stm32f30x_adc.o
    0x08000746   0x08000746   0x0000000a   Code   RO          587    i.ADC_StartConversion  stm32f30x_adc.o
    0x08000750   0x08000750   0x00000016   Code   RO          591    i.ADC_StructInit    stm32f30x_adc.o
    0x08000766   0x08000766   0x0000001e   Code   RO          594    i.ADC_VoltageRegulatorCmd  stm32f30x_adc.o
    0x08000784   0x08000784   0x00000096   Code   RO          432    i.GPIO_Init         stm32f30x_gpio.o
    0x0800081a   0x0800081a   0x00000046   Code   RO          433    i.GPIO_PinAFConfig  stm32f30x_gpio.o
    0x08000860   0x08000860   0x00000004   Code   RO          439    i.GPIO_ResetBits    stm32f30x_gpio.o
    0x08000864   0x08000864   0x00000004   Code   RO          440    i.GPIO_SetBits      stm32f30x_gpio.o
    0x08000868   0x08000868   0x00000070   Code   RO         2736    i.NVIC_Init         stm32f30x_misc.o
    0x080008d8   0x080008d8   0x00000014   Code   RO         2737    i.NVIC_PriorityGroupConfig  stm32f30x_misc.o
    0x080008ec   0x080008ec   0x00000030   Code   RO          122    i.RCC_ADCCLKConfig  stm32f30x_rcc.o
    0x0800091c   0x0800091c   0x00000020   Code   RO          123    i.RCC_AHBPeriphClockCmd  stm32f30x_rcc.o
    0x0800093c   0x0800093c   0x00000020   Code   RO          125    i.RCC_APB1PeriphClockCmd  stm32f30x_rcc.o
    0x0800095c   0x0800095c   0x00000020   Code   RO          126    i.RCC_APB1PeriphResetCmd  stm32f30x_rcc.o
    0x0800097c   0x0800097c   0x00000020   Code   RO          127    i.RCC_APB2PeriphClockCmd  stm32f30x_rcc.o
    0x0800099c   0x0800099c   0x00000020   Code   RO          128    i.RCC_APB2PeriphResetCmd  stm32f30x_rcc.o
    0x080009bc   0x080009bc   0x00000568   Code   RO          135    i.RCC_GetClocksFreq  stm32f30x_rcc.o
    0x08000f24   0x08000f24   0x000000b4   Code   RO         4722    i.SPI1_IRQHandler   main.o
    0x08000fd8   0x08000fd8   0x00000018   Code   RO         3323    i.SPI_Cmd           stm32f30x_spi.o
    0x08000ff0   0x08000ff0   0x0000000a   Code   RO         3328    i.SPI_GetTransmissionFIFOStatus  stm32f30x_spi.o
    0x08000ffa   0x08000ffa   0x00000006   Code   RO         3329    i.SPI_I2S_ClearFlag  stm32f30x_spi.o
    0x08001000   0x08001000   0x00000078   Code   RO         3331    i.SPI_I2S_DeInit    stm32f30x_spi.o
    0x08001078   0x08001078   0x00000012   Code   RO         3332    i.SPI_I2S_GetFlagStatus  stm32f30x_spi.o
    0x0800108a   0x0800108a   0x00000020   Code   RO         3334    i.SPI_I2S_ITConfig  stm32f30x_spi.o
    0x080010aa   0x080010aa   0x00000082   Code   RO         3337    i.SPI_Init          stm32f30x_spi.o
    0x0800112c   0x0800112c   0x00000018   Code   RO         3343    i.SPI_SSOutputCmd   stm32f30x_spi.o
    0x08001144   0x08001144   0x0000000a   Code   RO         3344    i.SPI_SendData8     stm32f30x_spi.o
    0x0800114e   0x0800114e   0x00000002   PAD
    0x08001150   0x08001150   0x000000c4   Code   RO            4    i.SetSysClock       system_stm32f30x.o
    0x08001214   0x08001214   0x00000084   Code   RO            6    i.SystemInit        system_stm32f30x.o
    0x08001298   0x08001298   0x0000000c   Code   RO         4723    i.TIM2_IRQHandler   main.o
    0x080012a4   0x080012a4   0x00000008   Code   RO         3652    i.TIM_ClearITPendingBit  stm32f30x_tim.o
    0x080012ac   0x080012ac   0x00000018   Code   RO         3659    i.TIM_Cmd           stm32f30x_tim.o
    0x080012c4   0x080012c4   0x00000012   Code   RO         3681    i.TIM_GetFlagStatus  stm32f30x_tim.o
    0x080012d6   0x080012d6   0x00000018   Code   RO         3686    i.TIM_ITConfig      stm32f30x_tim.o
    0x080012ee   0x080012ee   0x00000002   PAD
    0x080012f0   0x080012f0   0x000000a8   Code   RO         3746    i.TIM_TimeBaseInit  stm32f30x_tim.o
    0x08001398   0x08001398   0x00000012   Code   RO         3747    i.TIM_TimeBaseStructInit  stm32f30x_tim.o
    0x080013aa   0x080013aa   0x00000002   PAD
    0x080013ac   0x080013ac   0x00000228   Code   RO         4724    i.USART2_IRQHandler  main.o
    0x080015d4   0x080015d4   0x00000016   Code   RO         4345    i.USART_Cmd         stm32f30x_usart.o
    0x080015ea   0x080015ea   0x00000012   Code   RO         4353    i.USART_GetFlagStatus  stm32f30x_usart.o
    0x080015fc   0x080015fc   0x0000003a   Code   RO         4356    i.USART_ITConfig    stm32f30x_usart.o
    0x08001636   0x08001636   0x00000002   PAD
    0x08001638   0x08001638   0x000000ec   Code   RO         4357    i.USART_Init        stm32f30x_usart.o
    0x08001724   0x08001724   0x0000000a   Code   RO         4369    i.USART_ReceiveData  stm32f30x_usart.o
    0x0800172e   0x0800172e   0x00000008   Code   RO         4374    i.USART_SendData    stm32f30x_usart.o
    0x08001736   0x08001736   0x0000000e   Code   RO         4821    i.__scatterload_copy  mc_w.l(handlers.o)
    0x08001744   0x08001744   0x00000002   Code   RO         4822    i.__scatterload_null  mc_w.l(handlers.o)
    0x08001746   0x08001746   0x0000000e   Code   RO         4823    i.__scatterload_zeroinit  mc_w.l(handlers.o)
    0x08001754   0x08001754   0x00000350   Code   RO         4725    i.main              main.o
    0x08001aa4   0x08001aa4   0x00000078   Data   RO         4726    .constdata          main.o
    0x08001b1c   0x08001b1c   0x00000020   Data   RO         4819    Region$$Table       anon$$obj.o


    Execution Region RW_IRAM1 (Exec base: 0x20000000, Load base: 0x08001b3c, Size: 0x00000430, Max: 0x00004000, ABSOLUTE)

    Exec Addr    Load Addr    Size         Type   Attr      Idx    E Section Name        Object

    0x20000000   0x08001b3c   0x00000030   Data   RW          162    .data               stm32f30x_rcc.o
    0x20000030        -       0x00000400   Zero   RW          112    STACK               startup_stm32f334x8.o


==============================================================================

Image component sizes


      Code (inc. data)   RO Data    RW Data    ZI Data      Debug   Object Name

      1592         78        120          0          0     316046   main.o
        36          8        392          0       1024       1040   startup_stm32f334x8.o
       610         24          0          0          0      29924   stm32f30x_adc.o
       228          0          0          0          0      26851   stm32f30x_gpio.o
       132         22          0          0          0       4107   stm32f30x_misc.o
      1592         54          0         48          0      26275   stm32f30x_rcc.o
       374         18          0          0          0      17227   stm32f30x_spi.o
       260         40          0          0          0      31013   stm32f30x_tim.o
       352         16          0          0          0      15945   stm32f30x_usart.o
       328         28          0          0          0     357341   system_stm32f30x.o

    ----------------------------------------------------------------------
      5512        288        544         48       1024     825769   Object Totals
         0          0         32          0          0          0   (incl. Generated)
         8          0          0          0          0          0   (incl. Padding)

    ----------------------------------------------------------------------

      Code (inc. data)   RO Data    RW Data    ZI Data      Debug   Library Member Name

         0          0          0          0          0          0   entry.o
         0          0          0          0          0          0   entry10a.o
         0          0          0          0          0          0   entry11a.o
         8          4          0          0          0          0   entry2.o
         4          0          0          0          0          0   entry5.o
         0          0          0          0          0          0   entry7b.o
         0          0          0          0          0          0   entry8b.o
         8          4          0          0          0          0   entry9a.o
        30          0          0          0          0          0   handlers.o
        36          8          0          0          0         68   init.o
         0          0          0          0          0          0   iusefp.o
        30          0          0          0          0         68   llshl.o
        32          0          0          0          0         68   llushr.o
        36          0          0          0          0         68   memcpya.o
       222          0          0          0          0        100   ddiv.o
       186          0          0          0          0        176   depilogue.o
        62          0          0          0          0         80   dfixi.o
        34          0          0          0          0         76   dflti.o
       228          0          0          0          0         96   dmul.o

    ----------------------------------------------------------------------
       916         16          0          0          0        800   Library Totals
         0          0          0          0          0          0   (incl. Padding)

    ----------------------------------------------------------------------

      Code (inc. data)   RO Data    RW Data    ZI Data      Debug   Library Name

       184         16          0          0          0        272   mc_w.l
       732          0          0          0          0        528   mf_w.l

    ----------------------------------------------------------------------
       916         16          0          0          0        800   Library Totals

    ----------------------------------------------------------------------

==============================================================================


      Code (inc. data)   RO Data    RW Data    ZI Data      Debug   

      6428        304        544         48       1024     821309   Grand Totals
      6428        304        544         48       1024     821309   ELF Image Totals
      6428        304        544         48          0          0   ROM Totals

==============================================================================

    Total RO  Size (Code + RO Data)                 6972 (   6.81kB)
    Total RW  Size (RW Data + ZI Data)              1072 (   1.05kB)
    Total ROM Size (Code + RO Data + RW Data)       7020 (   6.86kB)

==============================================================================

