<html>
<body>
<pre>
<h1>µVision Build Log</h1>
<h2>Tool Versions:</h2>
IDE-Version: µVision V5.29.0.0
Copyright (C) 2019 ARM Ltd and ARM Germany GmbH. All rights reserved.
License Information: ICT ICT, TU Wien - Institut für Computertechnik, LIC=----
 
Tool Versions:
Toolchain:       MDK-Lite  Version: 5.29.0.0
Toolchain Path:  c:\Keil_v5\ARM\ARMCC\Bin
C Compiler:      Armcc.exe V5.06 update 6 (build 750)
Assembler:       Armasm.exe V5.06 update 6 (build 750)
Linker/Locator:  ArmLink.exe V5.06 update 6 (build 750)
Library Manager: ArmAr.exe V5.06 update 6 (build 750)
Hex Converter:   FromElf.exe V5.06 update 6 (build 750)
CPU DLL:         SARMCM3.DLL V5.29.0.0
Dialog DLL:      DCM.DLL V1.17.3.0
Target DLL:      STLink\ST-LINKIII-KEIL_SWO.dll V3.0.7.0
Dialog DLL:      TCM.DLL V1.36.5.0
 
<h2>Project:</h2>
C:\Users\mclab3\Desktop\STM32F30x_DSP_StdPeriph_Lib_V1.2.3_64\STM32F30x_DSP_StdPeriph_Lib_V1.2.3_64\Projects\STM32F30x_StdPeriph_Templates\MDK-ARM\Project.uvprojx
Project File Date:  05/19/2022

<h2>Output:</h2>
*** Using Compiler 'V5.06 update 6 (build 750)', folder: 'c:\Keil_v5\ARM\ARMCC\Bin'
Rebuild target 'STM32F334x8'
assembling startup_stm32f334x8.s...
compiling stm32f30x_dac.c...
compiling stm32f30x_gpio.c...
compiling stm32f30x_comp.c...
compiling system_stm32f30x.c...
compiling stm32f30x_dma.c...
compiling stm32f30x_dbgmcu.c...
compiling stm32f30x_crc.c...
compiling stm32f30x_adc.c...
compiling stm32f30x_can.c...
compiling stm32f30x_exti.c...
compiling stm32f30x_rcc.c...
compiling stm32f30x_iwdg.c...
compiling stm32f30x_misc.c...
compiling stm32f30x_opamp.c...
compiling stm32f30x_syscfg.c...
compiling stm32f30x_pwr.c...
compiling stm32f30x_spi.c...
compiling stm32f30x_i2c.c...
compiling stm32f30x_fmc.c...
compiling stm32f30x_flash.c...
compiling stm32f30x_rtc.c...
compiling stm32f30x_hrtim.c...
compiling stm32f30x_wwdg.c...
compiling stm32f30x_usart.c...
compiling main.c...
..\main.c(372): warning:  #177-D: variable "i"  was declared but never referenced
  	static unsigned char i = 0;
..\main.c: 1 warning, 0 errors
compiling stm32f30x_tim.c...
linking...
Program Size: Code=7168 RO-data=424 RW-data=56 ZI-data=1024  
"STM32F334x8\STM32F334x8.axf" - 0 Error(s), 1 Warning(s).

<h2>Software Packages used:</h2>

Package Vendor: ARM
                http://www.keil.com/pack/ARM.CMSIS.5.6.0.pack
                ARM.CMSIS.5.6.0
                CMSIS (Cortex Microcontroller Software Interface Standard)
   * Component: CORE Version: 5.3.0

Package Vendor: Keil
                http://www.keil.com/pack/Keil.STM32F3xx_DFP.1.4.0.pack
                Keil.STM32F3xx_DFP.1.4.0
                STMicroelectronics STM32F3 Series Device Support and Examples

<h2>Collection of Component include folders:</h2>
  .\RTE\_STM32F334x8
  c:\Keil_v5\ARM\PACK\ARM\CMSIS\5.6.0\CMSIS\Core\Include
  c:\Keil_v5\ARM\PACK\Keil\STM32F3xx_DFP\1.4.0\Device\Include

<h2>Collection of Component Files used:</h2>

   * Component: ARM::CMSIS:CORE:5.3.0
Build Time Elapsed:  00:00:04
</pre>
</body>
</html>
